../Core/Src/main.c:118:5:main	8	static
../Core/Src/main.c:221:6:SystemClock_Config	88	static
../Core/Src/main.c:267:13:MX_I2C1_Init	8	static
../Core/Src/main.c:301:13:MX_I2S3_Init	8	static
../Core/Src/main.c:335:13:MX_SPI1_Init	8	static
../Core/Src/main.c:373:13:MX_TIM7_Init	16	static
../Core/Src/main.c:411:13:MX_GPIO_Init	56	static
../Core/Src/main.c:513:6:StartDefaultTask	24	static
../Core/Src/main.c:541:6:StartTask02	24	static
../Core/Src/main.c:565:6:StartTask03	16	static
../Core/Src/main.c:578:6:Callback01	16	static
../Core/Src/main.c:596:6:HAL_TIM_PeriodElapsedCallback	16	static
../Core/Src/main.c:618:6:Error_Handler	4	static,ignoring_inline_asm
