../Core/Src/main.c:112:5:main	8	static
../Core/Src/main.c:209:6:SystemClock_Config	88	static
../Core/Src/main.c:255:13:MX_I2C1_Init	8	static
../Core/Src/main.c:289:13:MX_I2S3_Init	8	static
../Core/Src/main.c:323:13:MX_SPI1_Init	8	static
../Core/Src/main.c:361:13:MX_TIM7_Init	16	static
../Core/Src/main.c:399:13:MX_GPIO_Init	56	static
../Core/Src/main.c:501:6:StartDefaultTask	16	static
../Core/Src/main.c:521:6:StartTask02	24	static
../Core/Src/main.c:544:6:StartTask03	16	static
../Core/Src/main.c:560:6:Error_Handler	4	static,ignoring_inline_asm
