Archive member included to satisfy reference by file (symbol)

C:/ST/STM32CubeIDE_1.16.0/STM32CubeIDE/plugins/com.st.stm32cube.ide.mcu.externaltools.gnu-tools-for-stm32.12.3.rel1.win32_1.0.200.202406191623/tools/bin/../lib/gcc/arm-none-eabi/12.3.1/../../../../arm-none-eabi/lib/thumb/v7e-m+fp/hard\libc_nano.a(libc_a-exit.o)
                              C:/ST/STM32CubeIDE_1.16.0/STM32CubeIDE/plugins/com.st.stm32cube.ide.mcu.externaltools.gnu-tools-for-stm32.12.3.rel1.win32_1.0.200.202406191623/tools/bin/../lib/gcc/arm-none-eabi/12.3.1/../../../../arm-none-eabi/lib/thumb/v7e-m+fp/hard/crt0.o (exit)
C:/ST/STM32CubeIDE_1.16.0/STM32CubeIDE/plugins/com.st.stm32cube.ide.mcu.externaltools.gnu-tools-for-stm32.12.3.rel1.win32_1.0.200.202406191623/tools/bin/../lib/gcc/arm-none-eabi/12.3.1/../../../../arm-none-eabi/lib/thumb/v7e-m+fp/hard\libc_nano.a(libc_a-malloc.o)
                              ./Middlewares/ST/STM32_USB_Host_Library/Class/CDC/Src/usbh_cdc.o (malloc)
C:/ST/STM32CubeIDE_1.16.0/STM32CubeIDE/plugins/com.st.stm32cube.ide.mcu.externaltools.gnu-tools-for-stm32.12.3.rel1.win32_1.0.200.202406191623/tools/bin/../lib/gcc/arm-none-eabi/12.3.1/../../../../arm-none-eabi/lib/thumb/v7e-m+fp/hard\libc_nano.a(libc_a-mallocr.o)
                              C:/ST/STM32CubeIDE_1.16.0/STM32CubeIDE/plugins/com.st.stm32cube.ide.mcu.externaltools.gnu-tools-for-stm32.12.3.rel1.win32_1.0.200.202406191623/tools/bin/../lib/gcc/arm-none-eabi/12.3.1/../../../../arm-none-eabi/lib/thumb/v7e-m+fp/hard\libc_nano.a(libc_a-malloc.o) (_malloc_r)
C:/ST/STM32CubeIDE_1.16.0/STM32CubeIDE/plugins/com.st.stm32cube.ide.mcu.externaltools.gnu-tools-for-stm32.12.3.rel1.win32_1.0.200.202406191623/tools/bin/../lib/gcc/arm-none-eabi/12.3.1/../../../../arm-none-eabi/lib/thumb/v7e-m+fp/hard\libc_nano.a(libc_a-mlock.o)
                              C:/ST/STM32CubeIDE_1.16.0/STM32CubeIDE/plugins/com.st.stm32cube.ide.mcu.externaltools.gnu-tools-for-stm32.12.3.rel1.win32_1.0.200.202406191623/tools/bin/../lib/gcc/arm-none-eabi/12.3.1/../../../../arm-none-eabi/lib/thumb/v7e-m+fp/hard\libc_nano.a(libc_a-mallocr.o) (__malloc_lock)
C:/ST/STM32CubeIDE_1.16.0/STM32CubeIDE/plugins/com.st.stm32cube.ide.mcu.externaltools.gnu-tools-for-stm32.12.3.rel1.win32_1.0.200.202406191623/tools/bin/../lib/gcc/arm-none-eabi/12.3.1/../../../../arm-none-eabi/lib/thumb/v7e-m+fp/hard\libc_nano.a(libc_a-findfp.o)
                              ./Middlewares/Third_Party/FreeRTOS/Source/tasks.o (__sf)
C:/ST/STM32CubeIDE_1.16.0/STM32CubeIDE/plugins/com.st.stm32cube.ide.mcu.externaltools.gnu-tools-for-stm32.12.3.rel1.win32_1.0.200.202406191623/tools/bin/../lib/gcc/arm-none-eabi/12.3.1/../../../../arm-none-eabi/lib/thumb/v7e-m+fp/hard\libc_nano.a(libc_a-fwalk.o)
                              C:/ST/STM32CubeIDE_1.16.0/STM32CubeIDE/plugins/com.st.stm32cube.ide.mcu.externaltools.gnu-tools-for-stm32.12.3.rel1.win32_1.0.200.202406191623/tools/bin/../lib/gcc/arm-none-eabi/12.3.1/../../../../arm-none-eabi/lib/thumb/v7e-m+fp/hard\libc_nano.a(libc_a-findfp.o) (_fwalk_sglue)
C:/ST/STM32CubeIDE_1.16.0/STM32CubeIDE/plugins/com.st.stm32cube.ide.mcu.externaltools.gnu-tools-for-stm32.12.3.rel1.win32_1.0.200.202406191623/tools/bin/../lib/gcc/arm-none-eabi/12.3.1/../../../../arm-none-eabi/lib/thumb/v7e-m+fp/hard\libc_nano.a(libc_a-stdio.o)
                              C:/ST/STM32CubeIDE_1.16.0/STM32CubeIDE/plugins/com.st.stm32cube.ide.mcu.externaltools.gnu-tools-for-stm32.12.3.rel1.win32_1.0.200.202406191623/tools/bin/../lib/gcc/arm-none-eabi/12.3.1/../../../../arm-none-eabi/lib/thumb/v7e-m+fp/hard\libc_nano.a(libc_a-findfp.o) (__sread)
C:/ST/STM32CubeIDE_1.16.0/STM32CubeIDE/plugins/com.st.stm32cube.ide.mcu.externaltools.gnu-tools-for-stm32.12.3.rel1.win32_1.0.200.202406191623/tools/bin/../lib/gcc/arm-none-eabi/12.3.1/../../../../arm-none-eabi/lib/thumb/v7e-m+fp/hard\libc_nano.a(libc_a-memset.o)
                              C:/ST/STM32CubeIDE_1.16.0/STM32CubeIDE/plugins/com.st.stm32cube.ide.mcu.externaltools.gnu-tools-for-stm32.12.3.rel1.win32_1.0.200.202406191623/tools/bin/../lib/gcc/arm-none-eabi/12.3.1/../../../../arm-none-eabi/lib/thumb/v7e-m+fp/hard/crt0.o (memset)
C:/ST/STM32CubeIDE_1.16.0/STM32CubeIDE/plugins/com.st.stm32cube.ide.mcu.externaltools.gnu-tools-for-stm32.12.3.rel1.win32_1.0.200.202406191623/tools/bin/../lib/gcc/arm-none-eabi/12.3.1/../../../../arm-none-eabi/lib/thumb/v7e-m+fp/hard\libc_nano.a(libc_a-closer.o)
                              C:/ST/STM32CubeIDE_1.16.0/STM32CubeIDE/plugins/com.st.stm32cube.ide.mcu.externaltools.gnu-tools-for-stm32.12.3.rel1.win32_1.0.200.202406191623/tools/bin/../lib/gcc/arm-none-eabi/12.3.1/../../../../arm-none-eabi/lib/thumb/v7e-m+fp/hard\libc_nano.a(libc_a-stdio.o) (_close_r)
C:/ST/STM32CubeIDE_1.16.0/STM32CubeIDE/plugins/com.st.stm32cube.ide.mcu.externaltools.gnu-tools-for-stm32.12.3.rel1.win32_1.0.200.202406191623/tools/bin/../lib/gcc/arm-none-eabi/12.3.1/../../../../arm-none-eabi/lib/thumb/v7e-m+fp/hard\libc_nano.a(libc_a-reent.o)
[...]
Memory Configuration

Name             Origin             Length             Attributes
CCMRAM           0x10000000         0x00010000         xrw
RAM              0x20000000         0x00020000         xrw
FLASH            0x08000000         0x00100000         xr
*default*        0x00000000         0xffffffff

Linker script and memory map

LOAD C:/ST/STM32CubeIDE_1.16.0/STM32CubeIDE/plugins/com.st.stm32cube.ide.mcu.externaltools.gnu-tools-for-stm32.12.3.rel1.win32_1.0.200.202406191623/tools/bin/../lib/gcc/arm-none-eabi/12.3.1/thumb/v7e-m+fp/hard/crti.o
LOAD C:/ST/STM32CubeIDE_1.16.0/STM32CubeIDE/plugins/com.st.stm32cube.ide.mcu.externaltools.gnu-tools-for-stm32.12.3.rel1.win32_1.0.200.202406191623/tools/bin/../lib/gcc/arm-none-eabi/12.3.1/thumb/v7e-m+fp/hard/crtbegin.o
LOAD C:/ST/STM32CubeIDE_1.16.0/STM32CubeIDE/plugins/com.st.stm32cube.ide.mcu.externaltools.gnu-tools-for-stm32.12.3.rel1.win32_1.0.200.202406191623/tools/bin/../lib/gcc/arm-none-eabi/12.3.1/../../../../arm-none-eabi/lib/thumb/v7e-m+fp/hard/crt0.o
LOAD ./Core/Src/freertos.o
LOAD ./Core/Src/main.o
LOAD ./Core/Src/stm32f4xx_hal_msp.o
LOAD ./Core/Src/stm32f4xx_hal_timebase_tim.o
LOAD ./Core/Src/stm32f4xx_it.o
LOAD ./Core/Src/syscalls.o
LOAD ./Core/Src/sysmem.o
LOAD ./Core/Src/system_stm32f4xx.o
LOAD ./Core/Startup/startup_stm32f407vgtx.o
LOAD ./Drivers/STM32F4xx_HAL_Driver/Src/stm32f4xx_hal.o
LOAD ./Drivers/STM32F4xx_HAL_Driver/Src/stm32f4xx_hal_cortex.o
LOAD ./Drivers/STM32F4xx_HAL_Driver/Src/stm32f4xx_hal_dma.o
LOAD ./Drivers/STM32F4xx_HAL_Driver/Src/stm32f4xx_hal_dma_ex.o
LOAD ./Drivers/STM32F4xx_HAL_Driver/Src/stm32f4xx_hal_exti.o
LOAD ./Drivers/STM32F4xx_HAL_Driver/Src/stm32f4xx_hal_flash.o
LOAD ./Drivers/STM32F4xx_HAL_Driver/Src/stm32f4xx_hal_flash_ex.o
LOAD ./Drivers/STM32F4xx_HAL_Driver/Src/stm32f4xx_hal_flash_ramfunc.o
LOAD ./Drivers/STM32F4xx_HAL_Driver/Src/stm32f4xx_hal_gpio.o
LOAD ./Drivers/STM32F4xx_HAL_Driver/Src/stm32f4xx_hal_hcd.o
LOAD ./Drivers/STM32F4xx_HAL_Driver/Src/stm32f4xx_hal_i2c.o
LOAD ./Drivers/STM32F4xx_HAL_Driver/Src/stm32f4xx_hal_i2c_ex.o
LOAD ./Drivers/STM32F4xx_HAL_Driver/Src/stm32f4xx_hal_i2s.o
LOAD ./Drivers/STM32F4xx_HAL_Driver/Src/stm32f4xx_hal_i2s_ex.o
LOAD ./Drivers/STM32F4xx_HAL_Driver/Src/stm32f4xx_hal_pwr.o
LOAD ./Drivers/STM32F4xx_HAL_Driver/Src/stm32f4xx_hal_pwr_ex.o
LOAD ./Drivers/STM32F4xx_HAL_Driver/Src/stm32f4xx_hal_rcc.o
LOAD ./Drivers/STM32F4xx_HAL_Driver/Src/stm32f4xx_hal_rcc_ex.o
LOAD ./Drivers/STM32F4xx_HAL_Driver/Src/stm32f4xx_hal_spi.o
LOAD ./Drivers/STM32F4xx_HAL_Driver/Src/stm32f4xx_hal_tim.o
LOAD ./Drivers/STM32F4xx_HAL_Driver/Src/stm32f4xx_hal_tim_ex.o
LOAD ./Drivers/STM32F4xx_HAL_Driver/Src/stm32f4xx_ll_usb.o
LOAD ./Middlewares/ST/STM32_USB_Host_Library/Class/CDC/Src/usbh_cdc.o
LOAD ./Middlewares/ST/STM32_USB_Host_Library/Core/Src/usbh_core.o
LOAD ./Middlewares/ST/STM32_USB_Host_Library/Core/Src/usbh_ctlreq.o
LOAD ./Middlewares/ST/STM32_USB_Host_Library/Core/Src/usbh_ioreq.o
LOAD ./Middlewares/ST/STM32_USB_Host_Library/Core/Src/usbh_pipes.o
LOAD ./Middlewares/Third_Party/FreeRTOS/Source/CMSIS_RTOS_V2/cmsis_os2.o
LOAD ./Middlewares/Third_Party/FreeRTOS/Source/croutine.o
LOAD ./Middlewares/Third_Party/FreeRTOS/Source/event_groups.o
LOAD ./Middlewares/Third_Party/FreeRTOS/Source/list.o
LOAD ./Middlewares/Third_Party/FreeRTOS/Source/queue.o
LOAD ./Middlewares/Third_Party/FreeRTOS/Source/stream_buffer.o
LOAD ./Middlewares/Third_Party/FreeRTOS/Source/tasks.o
LOAD ./Middlewares/Third_Party/FreeRTOS/Source/timers.o
LOAD ./Middlewares/Third_Party/FreeRTOS/Source/portable/GCC/ARM_CM4F/port.o
LOAD ./Middlewares/Third_Party/FreeRTOS/Source/portable/MemMang/heap_4.o
LOAD ./USB_HOST/App/usb_host.o
LOAD ./USB_HOST/Target/usbh_conf.o
LOAD ./USB_HOST/Target/usbh_platform.o
START GROUP
LOAD C:/ST/STM32CubeIDE_1.16.0/STM32CubeIDE/plugins/com.st.stm32cube.ide.mcu.externaltools.gnu-tools-for-stm32.12.3.rel1.win32_1.0.200.202406191623/tools/bin/../lib/gcc/arm-none-eabi/12.3.1/../../../../arm-none-eabi/lib/thumb/v7e-m+fp/hard\libc_nano.a
LOAD C:/ST/STM32CubeIDE_1.16.0/STM32CubeIDE/plugins/com.st.stm32cube.ide.mcu.externaltools.gnu-tools-for-stm32.12.3.rel1.win32_1.0.200.202406191623/tools/bin/../lib/gcc/arm-none-eabi/12.3.1/../../../../arm-none-eabi/lib/thumb/v7e-m+fp/hard\libm.a
END GROUP
START GROUP
LOAD C:/ST/STM32CubeIDE_1.16.0/STM32CubeIDE/plugins/com.st.stm32cube.ide.mcu.externaltools.gnu-tools-for-stm32.12.3.rel1.win32_1.0.200.202406191623/tools/bin/../lib/gcc/arm-none-eabi/12.3.1/thumb/v7e-m+fp/hard\libgcc.a
LOAD C:/ST/STM32CubeIDE_1.16.0/STM32CubeIDE/plugins/com.st.stm32cube.ide.mcu.externaltools.gnu-tools-for-stm32.12.3.rel1.win32_1.0.200.202406191623/tools/bin/../lib/gcc/arm-none-eabi/12.3.1/../../../../arm-none-eabi/lib/thumb/v7e-m+fp/hard\libc_nano.a
END GROUP
START GROUP
LOAD C:/ST/STM32CubeIDE_1.16.0/STM32CubeIDE/plugins/com.st.stm32cube.ide.mcu.externaltools.gnu-tools-for-stm32.12.3.rel1.win32_1.0.200.202406191623/tools/bin/../lib/gcc/arm-none-eabi/12.3.1/thumb/v7e-m+fp/hard\libgcc.a
LOAD C:/ST/STM32CubeIDE_1.16.0/STM32CubeIDE/plugins/com.st.stm32cube.ide.mcu.externaltools.gnu-tools-for-stm32.12.3.rel1.win32_1.0.200.202406191623/tools/bin/../lib/gcc/arm-none-eabi/12.3.1/../../../../arm-none-eabi/lib/thumb/v7e-m+fp/hard\libc_nano.a
LOAD C:/ST/STM32CubeIDE_1.16.0/STM32CubeIDE/plugins/com.st.stm32cube.ide.mcu.externaltools.gnu-tools-for-stm32.12.3.rel1.win32_1.0.200.202406191623/tools/bin/../lib/gcc/arm-none-eabi/12.3.1/../../../../arm-none-eabi/lib/thumb/v7e-m+fp/hard\libnosys.a
END GROUP
START GROUP
LOAD C:/ST/STM32CubeIDE_1.16.0/STM32CubeIDE/plugins/com.st.stm32cube.ide.mcu.externaltools.gnu-tools-for-stm32.12.3.rel1.win32_1.0.200.202406191623/tools/bin/../lib/gcc/arm-none-eabi/12.3.1/thumb/v7e-m+fp/hard\libgcc.a
LOAD C:/ST/STM32CubeIDE_1.16.0/STM32CubeIDE/plugins/com.st.stm32cube.ide.mcu.externaltools.gnu-tools-for-stm32.12.3.rel1.win32_1.0.200.202406191623/tools/bin/../lib/gcc/arm-none-eabi/12.3.1/../../../../arm-none-eabi/lib/thumb/v7e-m+fp/hard\libc_nano.a
LOAD C:/ST/STM32CubeIDE_1.16.0/STM32CubeIDE/plugins/com.st.stm32cube.ide.mcu.externaltools.gnu-tools-for-stm32.12.3.rel1.win32_1.0.200.202406191623/tools/bin/../lib/gcc/arm-none-eabi/12.3.1/../../../../arm-none-eabi/lib/thumb/v7e-m+fp/hard\libnosys.a
END GROUP
LOAD C:/ST/STM32CubeIDE_1.16.0/STM32CubeIDE/plugins/com.st.stm32cube.ide.mcu.externaltools.gnu-tools-for-stm32.12.3.rel1.win32_1.0.200.202406191623/tools/bin/../lib/gcc/arm-none-eabi/12.3.1/thumb/v7e-m+fp/hard/crtend.o
LOAD C:/ST/STM32CubeIDE_1.16.0/STM32CubeIDE/plugins/com.st.stm32cube.ide.mcu.externaltools.gnu-tools-for-stm32.12.3.rel1.win32_1.0.200.202406191623/tools/bin/../lib/gcc/arm-none-eabi/12.3.1/thumb/v7e-m+fp/hard/crtn.o
                0x20020000                        _estack = (ORIGIN (RAM) + LENGTH (RAM))
                0x00000200                        _Min_Heap_Size = 0x200
                0x00000400                        _Min_Stack_Size = 0x400

.isr_vector     0x08000000      0x188
                0x08000000                        . = ALIGN (0x4)
 *(.isr_vector)
 .isr_vector    0x08000000      0x188 ./Core/Startup/startup_stm32f407vgtx.o
                0x08000000                g_pfnVectors
                0x08000188                        . = ALIGN (0x4)

.text           0x08000190     0xcb08
                0x08000190                        . = ALIGN (0x4)
 *(.text)
 .text          0x08000190       0x40 C:/ST/STM32CubeIDE_1.16.0/STM32CubeIDE/plugins/com.st.stm32cube.ide.mcu.externaltools.gnu-tools-for-stm32.12.3.rel1.win32_1.0.200.202406191623/tools/bin/../lib/gcc/arm-none-eabi/12.3.1/thumb/v7e-m+fp/hard/crtbegin.o
 .text          0x080001d0       0x30 C:/ST/STM32CubeIDE_1.16.0/STM32CubeIDE/plugins/com.st.stm32cube.ide.mcu.externaltools.gnu-tools-for-stm32.12.3.rel1.win32_1.0.200.202406191623/tools/bin/../lib/gcc/arm-none-eabi/12.3.1/thumb/v7e-m+fp/hard\libgcc.a(_aeabi_uldivmod.o)
                0x080001d0                __aeabi_uldivmod
 .text          0x08000200      0x2bc C:/ST/STM32CubeIDE_1.16.0/STM32CubeIDE/plugins/com.st.stm32cube.ide.mcu.externaltools.gnu-tools-for-stm32.12.3.rel1.win32_1.0.200.202406191623/tools/bin/../lib/gcc/arm-none-eabi/12.3.1/thumb/v7e-m+fp/hard\libgcc.a(_udivmoddi4.o)
                0x08000200                __udivmoddi4
 .text          0x080004bc        0x4 C:/ST/STM32CubeIDE_1.16.0/STM32CubeIDE/plugins/com.st.stm32cube.ide.mcu.externaltools.gnu-tools-for-stm32.12.3.rel1.win32_1.0.200.202406191623/tools/bin/../lib/gcc/arm-none-eabi/12.3.1/thumb/v7e-m+fp/hard\libgcc.a(_dvmd_tls.o)
                0x080004bc                __aeabi_idiv0
                0x080004bc                __aeabi_ldiv0
 *(.text*)
 .text.main     0x080004c0       0xdc ./Core/Src/main.o
                0x080004c0                main
 .text.SystemClock_Config
                0x0800059c       0xd4 ./Core/Src/main.o
                0x0800059c                SystemClock_Config
 .text.MX_I2C1_Init
                0x08000670       0x5c ./Core/Src/main.o
 .text.MX_I2S3_Init
                0x080006cc       0x60 ./Core/Src/main.o
 .text.MX_SPI1_Init
                0x0800072c       0x6c ./Core/Src/main.o
 .text.MX_TIM7_Init
                0x08000798       0x74 ./Core/Src/main.o
 .text.MX_GPIO_Init
                0x0800080c      0x1fc ./Core/Src/main.o
 .text.StartDefaultTask
                0x08000a08       0x18 ./Core/Src/main.o
                0x08000a08                StartDefaultTask
 .text.StartTask02
                0x08000a20       0x48 ./Core/Src/main.o
                0x08000a20                StartTask02
 .text.StartTask03
                0x08000a68       0x10 ./Core/Src/main.o
                0x08000a68                StartTask03
 .text.Callback01
                0x08000a78       0x30 ./Core/Src/main.o
                0x08000a78                Callback01
 .text.HAL_TIM_PeriodElapsedCallback
                0x08000aa8       0x40 ./Core/Src/main.o
                0x08000aa8                HAL_TIM_PeriodElapsedCallback
 .text.Error_Handler
                0x08000ae8        0xc ./Core/Src/main.o
                0x08000ae8                Error_Handler
 .text.HAL_MspInit
                0x08000af4       0x58 ./Core/Src/stm32f4xx_hal_msp.o
                0x08000af4                HAL_MspInit
 .text.HAL_I2C_MspInit
                0x08000b4c       0x90 ./Core/Src/stm32f4xx_hal_msp.o
                0x08000b4c                HAL_I2C_MspInit
 .text.HAL_I2S_MspInit
                0x08000bdc      0x100 ./Core/Src/stm32f4xx_hal_msp.o
                0x08000bdc                HAL_I2S_MspInit
 .text.HAL_SPI_MspInit
                0x08000cdc       0x90 ./Core/Src/stm32f4xx_hal_msp.o
                0x08000cdc                HAL_SPI_MspInit
 .text.HAL_TIM_Base_MspInit
                0x08000d6c       0x50 ./Core/Src/stm32f4xx_hal_msp.o
                0x08000d6c                HAL_TIM_Base_MspInit
 .text.HAL_InitTick
                0x08000dbc       0xf8 ./Core/Src/stm32f4xx_hal_timebase_tim.o
                0x08000dbc                HAL_InitTick
 .text.NMI_Handler
                0x08000eb4        0x8 ./Core/Src/stm32f4xx_it.o
                0x08000eb4                NMI_Handler
 .text.HardFault_Handler
                0x08000ebc        0x8 ./Core/Src/stm32f4xx_it.o
                0x08000ebc                HardFault_Handler
 .text.MemManage_Handler
                0x08000ec4        0x8 ./Core/Src/stm32f4xx_it.o
                0x08000ec4                MemManage_Handler
 .text.BusFault_Handler
                0x08000ecc        0x8 ./Core/Src/stm32f4xx_it.o
                0x08000ecc                BusFault_Handler
 .text.UsageFault_Handler
                0x08000ed4        0x8 ./Core/Src/stm32f4xx_it.o
                0x08000ed4                UsageFault_Handler
 .text.DebugMon_Handler
                0x08000edc        0xe ./Core/Src/stm32f4xx_it.o
                0x08000edc                DebugMon_Handler
 *fill*         0x08000eea        0x2 
 .text.TIM6_DAC_IRQHandler
                0x08000eec       0x14 ./Core/Src/stm32f4xx_it.o
                0x08000eec                TIM6_DAC_IRQHandler
 .text.TIM7_IRQHandler
                0x08000f00       0x14 ./Core/Src/stm32f4xx_it.o
                0x08000f00                TIM7_IRQHandler
 .text.OTG_FS_IRQHandler
                0x08000f14       0x14 ./Core/Src/stm32f4xx_it.o
                0x08000f14                OTG_FS_IRQHandler
 .text._sbrk    0x08000f28       0x6c ./Core/Src/sysmem.o
                0x08000f28                _sbrk
 .text.SystemInit
                0x08000f94       0x24 ./Core/Src/system_stm32f4xx.o
                0x08000f94                SystemInit
 .text.Reset_Handler
                0x08000fb8       0x50 ./Core/Startup/startup_stm32f407vgtx.o
                0x08000fb8                Reset_Handler
 .text.Default_Handler
                0x08001008        0x2 ./Core/Startup/startup_stm32f407vgtx.o
                0x08001008                RTC_Alarm_IRQHandler
                0x08001008                HASH_RNG_IRQHandler
                0x08001008                EXTI2_IRQHandler
                0x08001008                TIM8_CC_IRQHandler
                0x08001008                TIM1_CC_IRQHandler
                0x08001008                DMA2_Stream5_IRQHandler
                0x08001008                DMA1_Stream5_IRQHandler
                0x08001008                PVD_IRQHandler
                0x08001008                SDIO_IRQHandler
                0x08001008                TAMP_STAMP_IRQHandler
                0x08001008                CAN2_RX1_IRQHandler
                0x08001008                EXTI3_IRQHandler
                0x08001008                TIM8_TRG_COM_TIM14_IRQHandler
                0x08001008                TIM1_UP_TIM10_IRQHandler
                0x08001008                TIM8_UP_TIM13_IRQHandler
                0x08001008                I2C3_ER_IRQHandler
                0x08001008                EXTI0_IRQHandler
                0x08001008                I2C2_EV_IRQHandler
                0x08001008                DMA1_Stream2_IRQHandler
                0x08001008                CAN1_RX0_IRQHandler
                0x08001008                FPU_IRQHandler
                0x08001008                OTG_HS_WKUP_IRQHandler
                0x08001008                CAN2_SCE_IRQHandler
                0x08001008                DMA2_Stream2_IRQHandler
                0x08001008                SPI1_IRQHandler
                0x08001008                TIM1_BRK_TIM9_IRQHandler
                0x08001008                DCMI_IRQHandler
                0x08001008                CAN2_RX0_IRQHandler
                0x08001008                DMA2_Stream3_IRQHandler
                0x08001008                USART6_IRQHandler
                0x08001008                USART3_IRQHandler
                0x08001008                CAN1_RX1_IRQHandler
                0x08001008                UART5_IRQHandler
                0x08001008                DMA2_Stream0_IRQHandler
                0x08001008                TIM4_IRQHandler
                0x08001008                I2C1_EV_IRQHandler
                0x08001008                DMA1_Stream6_IRQHandler
                0x08001008                DMA1_Stream1_IRQHandler
                0x08001008                UART4_IRQHandler
                0x08001008                TIM3_IRQHandler
                0x08001008                RCC_IRQHandler
                0x08001008                TIM8_BRK_TIM12_IRQHandler
                0x08001008                Default_Handler
                0x08001008                EXTI15_10_IRQHandler
                0x08001008                ADC_IRQHandler
                0x08001008                DMA1_Stream7_IRQHandler
                0x08001008                CAN2_TX_IRQHandler
                0x08001008                TIM5_IRQHandler
                0x08001008                DMA2_Stream7_IRQHandler
                0x08001008                I2C3_EV_IRQHandler
                0x08001008                EXTI9_5_IRQHandler
                0x08001008                RTC_WKUP_IRQHandler
                0x08001008                ETH_WKUP_IRQHandler
                0x08001008                SPI2_IRQHandler
                0x08001008                OTG_HS_EP1_IN_IRQHandler
                0x08001008                DMA1_Stream0_IRQHandler
                0x08001008                CAN1_TX_IRQHandler
                0x08001008                EXTI4_IRQHandler
                0x08001008                FSMC_IRQHandler
                0x08001008                ETH_IRQHandler
                0x08001008                OTG_HS_EP1_OUT_IRQHandler
                0x08001008                WWDG_IRQHandler
                0x08001008                TIM2_IRQHandler
                0x08001008                OTG_FS_WKUP_IRQHandler
                0x08001008                TIM1_TRG_COM_TIM11_IRQHandler
                0x08001008                OTG_HS_IRQHandler
                0x08001008                EXTI1_IRQHandler
                0x08001008                USART2_IRQHandler
                0x08001008                I2C2_ER_IRQHandler
                0x08001008                DMA2_Stream1_IRQHandler
                0x08001008                CAN1_SCE_IRQHandler
                0x08001008                FLASH_IRQHandler
                0x08001008                DMA2_Stream4_IRQHandler
                0x08001008                USART1_IRQHandler
                0x08001008                SPI3_IRQHandler
                0x08001008                DMA1_Stream4_IRQHandler
                0x08001008                I2C1_ER_IRQHandler
                0x08001008                DMA2_Stream6_IRQHandler
                0x08001008                DMA1_Stream3_IRQHandler
 *fill*         0x0800100a        0x2 
 .text.HAL_Init
                0x0800100c       0x44 ./Drivers/STM32F4xx_HAL_Driver/Src/stm32f4xx_hal.o
                0x0800100c                HAL_Init
 .text.HAL_IncTick
                0x08001050       0x28 ./Drivers/STM32F4xx_HAL_Driver/Src/stm32f4xx_hal.o
                0x08001050                HAL_IncTick
 .text.HAL_GetTick
                0x08001078       0x18 ./Drivers/STM32F4xx_HAL_Driver/Src/stm32f4xx_hal.o
                0x08001078                HAL_GetTick
 .text.HAL_Delay
                0x08001090       0x48 ./Drivers/STM32F4xx_HAL_Driver/Src/stm32f4xx_hal.o
                0x08001090                HAL_Delay
 .text.__NVIC_SetPriorityGrouping
                0x080010d8       0x48 ./Drivers/STM32F4xx_HAL_Driver/Src/stm32f4xx_hal_cortex.o
 .text.__NVIC_GetPriorityGrouping
                0x08001120       0x1c ./Drivers/STM32F4xx_HAL_Driver/Src/stm32f4xx_hal_cortex.o
 .text.__NVIC_EnableIRQ
                0x0800113c       0x3c ./Drivers/STM32F4xx_HAL_Driver/Src/stm32f4xx_hal_cortex.o
 .text.__NVIC_SetPriority
                0x08001178       0x54 ./Drivers/STM32F4xx_HAL_Driver/Src/stm32f4xx_hal_cortex.o
 .text.NVIC_EncodePriority
                0x080011cc       0x66 ./Drivers/STM32F4xx_HAL_Driver/Src/stm32f4xx_hal_cortex.o
 .text.HAL_NVIC_SetPriorityGrouping
                0x08001232       0x16 ./Drivers/STM32F4xx_HAL_Driver/Src/stm32f4xx_hal_cortex.o
                0x08001232                HAL_NVIC_SetPriorityGrouping
 .text.HAL_NVIC_SetPriority
                0x08001248       0x38 ./Drivers/STM32F4xx_HAL_Driver/Src/stm32f4xx_hal_cortex.o
                0x08001248                HAL_NVIC_SetPriority
 .text.HAL_NVIC_EnableIRQ
                0x08001280       0x1c ./Drivers/STM32F4xx_HAL_Driver/Src/stm32f4xx_hal_cortex.o
                0x08001280                HAL_NVIC_EnableIRQ
 .text.HAL_GPIO_Init
                0x0800129c      0x338 ./Drivers/STM32F4xx_HAL_Driver/Src/stm32f4xx_hal_gpio.o
                0x0800129c                HAL_GPIO_Init
 .text.HAL_GPIO_ReadPin
                0x080015d4       0x30 ./Drivers/STM32F4xx_HAL_Driver/Src/stm32f4xx_hal_gpio.o
                0x080015d4                HAL_GPIO_ReadPin
 .text.HAL_GPIO_WritePin
                0x08001604       0x32 ./Drivers/STM32F4xx_HAL_Driver/Src/stm32f4xx_hal_gpio.o
                0x08001604                HAL_GPIO_WritePin
 .text.HAL_GPIO_TogglePin
                0x08001636       0x34 ./Drivers/STM32F4xx_HAL_Driver/Src/stm32f4xx_hal_gpio.o
                0x08001636                HAL_GPIO_TogglePin
 .text.HAL_HCD_Init
                0x0800166a       0xce ./Drivers/STM32F4xx_HAL_Driver/Src/stm32f4xx_hal_hcd.o
                0x0800166a                HAL_HCD_Init
 .text.HAL_HCD_HC_Init
                0x08001738      0x170 ./Drivers/STM32F4xx_HAL_Driver/Src/stm32f4xx_hal_hcd.o
                0x08001738                HAL_HCD_HC_Init
 .text.HAL_HCD_HC_Halt
                0x080018a8       0x46 ./Drivers/STM32F4xx_HAL_Driver/Src/stm32f4xx_hal_hcd.o
                0x080018a8                HAL_HCD_HC_Halt
 *fill*         0x080018ee        0x2 
 .text.HAL_HCD_HC_SubmitRequest
                0x080018f0      0x33c ./Drivers/STM32F4xx_HAL_Driver/Src/stm32f4xx_hal_hcd.o
                0x080018f0                HAL_HCD_HC_SubmitRequest
 .text.HAL_HCD_IRQHandler
                0x08001c2c      0x220 ./Drivers/STM32F4xx_HAL_Driver/Src/stm32f4xx_hal_hcd.o
                0x08001c2c                HAL_HCD_IRQHandler
 .text.HAL_HCD_Start
                0x08001e4c       0x46 ./Drivers/STM32F4xx_HAL_Driver/Src/stm32f4xx_hal_hcd.o
                0x08001e4c                HAL_HCD_Start
 .text.HAL_HCD_Stop
                0x08001e92       0x3a ./Drivers/STM32F4xx_HAL_Driver/Src/stm32f4xx_hal_hcd.o
                0x08001e92                HAL_HCD_Stop
 .text.HAL_HCD_ResetPort
                0x08001ecc       0x1c ./Drivers/STM32F4xx_HAL_Driver/Src/stm32f4xx_hal_hcd.o
                0x08001ecc                HAL_HCD_ResetPort
 .text.HAL_HCD_HC_GetURBState
                0x08001ee8       0x2a ./Drivers/STM32F4xx_HAL_Driver/Src/stm32f4xx_hal_hcd.o
                0x08001ee8                HAL_HCD_HC_GetURBState
 .text.HAL_HCD_HC_GetXferCount
                0x08001f12       0x2a ./Drivers/STM32F4xx_HAL_Driver/Src/stm32f4xx_hal_hcd.o
                0x08001f12                HAL_HCD_HC_GetXferCount
 .text.HAL_HCD_GetCurrentFrame
                0x08001f3c       0x1c ./Drivers/STM32F4xx_HAL_Driver/Src/stm32f4xx_hal_hcd.o
                0x08001f3c                HAL_HCD_GetCurrentFrame
 .text.HAL_HCD_GetCurrentSpeed
                0x08001f58       0x1c ./Drivers/STM32F4xx_HAL_Driver/Src/stm32f4xx_hal_hcd.o
                0x08001f58                HAL_HCD_GetCurrentSpeed
 .text.HAL_HCD_HC_ClearHubInfo
                0x08001f74       0x6a ./Drivers/STM32F4xx_HAL_Driver/Src/stm32f4xx_hal_hcd.o
                0x08001f74                HAL_HCD_HC_ClearHubInfo
 .text.HCD_HC_IN_IRQHandler
                0x08001fde      0xcd2 ./Drivers/STM32F4xx_HAL_Driver/Src/stm32f4xx_hal_hcd.o
 .text.HCD_HC_OUT_IRQHandler
                0x08002cb0      0x97e ./Drivers/STM32F4xx_HAL_Driver/Src/stm32f4xx_hal_hcd.o
 .text.HCD_RXQLVL_IRQHandler
                0x0800362e      0x1be ./Drivers/STM32F4xx_HAL_Driver/Src/stm32f4xx_hal_hcd.o
 .text.HCD_Port_IRQHandler
                0x080037ec       0xe6 ./Drivers/STM32F4xx_HAL_Driver/Src/stm32f4xx_hal_hcd.o
 *fill*         0x080038d2        0x2 
 .text.HAL_I2C_Init
                0x080038d4      0x288 ./Drivers/STM32F4xx_HAL_Driver/Src/stm32f4xx_hal_i2c.o
                0x080038d4                HAL_I2C_Init
 .text.HAL_I2S_Init
                0x08003b5c      0x280 ./Drivers/STM32F4xx_HAL_Driver/Src/stm32f4xx_hal_i2s.o
                0x08003b5c                HAL_I2S_Init
 .text.HAL_I2S_TxCpltCallback
                0x08003ddc       0x14 ./Drivers/STM32F4xx_HAL_Driver/Src/stm32f4xx_hal_i2s.o
                0x08003ddc                HAL_I2S_TxCpltCallback
 .text.HAL_I2S_RxCpltCallback
                0x08003df0       0x14 ./Drivers/STM32F4xx_HAL_Driver/Src/stm32f4xx_hal_i2s.o
                0x08003df0                HAL_I2S_RxCpltCallback
 .text.HAL_I2S_ErrorCallback
                0x08003e04       0x14 ./Drivers/STM32F4xx_HAL_Driver/Src/stm32f4xx_hal_i2s.o
                0x08003e04                HAL_I2S_ErrorCallback
 .text.I2S_Transmit_IT
                0x08003e18       0x5c ./Drivers/STM32F4xx_HAL_Driver/Src/stm32f4xx_hal_i2s.o
 .text.I2S_Receive_IT
                0x08003e74       0x5e ./Drivers/STM32F4xx_HAL_Driver/Src/stm32f4xx_hal_i2s.o
 .text.I2S_IRQHandler
                0x08003ed2      0x114 ./Drivers/STM32F4xx_HAL_Driver/Src/stm32f4xx_hal_i2s.o
 *fill*         0x08003fe6        0x2 
 .text.HAL_I2SEx_FullDuplex_IRQHandler
                0x08003fe8      0x2a8 ./Drivers/STM32F4xx_HAL_Driver/Src/stm32f4xx_hal_i2s_ex.o
                0x08003fe8                HAL_I2SEx_FullDuplex_IRQHandler
 .text.HAL_I2SEx_TxRxCpltCallback
                0x08004290       0x14 ./Drivers/STM32F4xx_HAL_Driver/Src/stm32f4xx_hal_i2s_ex.o
                0x08004290                HAL_I2SEx_TxRxCpltCallback
 .text.I2SEx_TxISR_I2S
                0x080042a4       0x62 ./Drivers/STM32F4xx_HAL_Driver/Src/stm32f4xx_hal_i2s_ex.o
 *fill*         0x08004306        0x2 
 .text.I2SEx_TxISR_I2SExt
                0x08004308       0x98 ./Drivers/STM32F4xx_HAL_Driver/Src/stm32f4xx_hal_i2s_ex.o
 .text.I2SEx_RxISR_I2S
                0x080043a0       0x64 ./Drivers/STM32F4xx_HAL_Driver/Src/stm32f4xx_hal_i2s_ex.o
 .text.I2SEx_RxISR_I2SExt
                0x08004404       0x98 ./Drivers/STM32F4xx_HAL_Driver/Src/stm32f4xx_hal_i2s_ex.o
 .text.HAL_RCC_OscConfig
                0x0800449c      0x4f0 ./Drivers/STM32F4xx_HAL_Driver/Src/stm32f4xx_hal_rcc.o
                0x0800449c                HAL_RCC_OscConfig
 .text.HAL_RCC_ClockConfig
                0x0800498c      0x1cc ./Drivers/STM32F4xx_HAL_Driver/Src/stm32f4xx_hal_rcc.o
                0x0800498c                HAL_RCC_ClockConfig
 .text.HAL_RCC_GetSysClockFreq
                0x08004b58      0x20c ./Drivers/STM32F4xx_HAL_Driver/Src/stm32f4xx_hal_rcc.o
                0x08004b58                HAL_RCC_GetSysClockFreq
 .text.HAL_RCC_GetHCLKFreq
                0x08004d64       0x18 ./Drivers/STM32F4xx_HAL_Driver/Src/stm32f4xx_hal_rcc.o
                0x08004d64                HAL_RCC_GetHCLKFreq
 .text.HAL_RCC_GetPCLK1Freq
                0x08004d7c       0x28 ./Drivers/STM32F4xx_HAL_Driver/Src/stm32f4xx_hal_rcc.o
                0x08004d7c                HAL_RCC_GetPCLK1Freq
 .text.HAL_RCC_GetClockConfig
                0x08004da4       0x64 ./Drivers/STM32F4xx_HAL_Driver/Src/stm32f4xx_hal_rcc.o
                0x08004da4                HAL_RCC_GetClockConfig
 .text.HAL_RCCEx_PeriphCLKConfig
                0x08004e08      0x1c4 ./Drivers/STM32F4xx_HAL_Driver/Src/stm32f4xx_hal_rcc_ex.o
                0x08004e08                HAL_RCCEx_PeriphCLKConfig
 .text.HAL_RCCEx_GetPeriphCLKFreq
                0x08004fcc       0xc0 ./Drivers/STM32F4xx_HAL_Driver/Src/stm32f4xx_hal_rcc_ex.o
                0x08004fcc                HAL_RCCEx_GetPeriphCLKFreq
 .text.HAL_SPI_Init
                0x0800508c      0x112 ./Drivers/STM32F4xx_HAL_Driver/Src/stm32f4xx_hal_spi.o
                0x0800508c                HAL_SPI_Init
 .text.HAL_TIM_Base_Init
                0x0800519e       0x9e ./Drivers/STM32F4xx_HAL_Driver/Src/stm32f4xx_hal_tim.o
                0x0800519e                HAL_TIM_Base_Init
 .text.HAL_TIM_Base_Start_IT
                0x0800523c       0xe0 ./Drivers/STM32F4xx_HAL_Driver/Src/stm32f4xx_hal_tim.o
                0x0800523c                HAL_TIM_Base_Start_IT
 .text.HAL_TIM_IRQHandler
                0x0800531c      0x1e0 ./Drivers/STM32F4xx_HAL_Driver/Src/stm32f4xx_hal_tim.o
                0x0800531c                HAL_TIM_IRQHandler
 .text.HAL_TIM_OC_DelayElapsedCallback
                0x080054fc       0x14 ./Drivers/STM32F4xx_HAL_Driver/Src/stm32f4xx_hal_tim.o
                0x080054fc                HAL_TIM_OC_DelayElapsedCallback
 .text.HAL_TIM_IC_CaptureCallback
                0x08005510       0x14 ./Drivers/STM32F4xx_HAL_Driver/Src/stm32f4xx_hal_tim.o
                0x08005510                HAL_TIM_IC_CaptureCallback
 .text.HAL_TIM_PWM_PulseFinishedCallback
                0x08005524       0x14 ./Drivers/STM32F4xx_HAL_Driver/Src/stm32f4xx_hal_tim.o
                0x08005524                HAL_TIM_PWM_PulseFinishedCallback
 .text.HAL_TIM_TriggerCallback
                0x08005538       0x14 ./Drivers/STM32F4xx_HAL_Driver/Src/stm32f4xx_hal_tim.o
                0x08005538                HAL_TIM_TriggerCallback
 .text.TIM_Base_SetConfig
                0x0800554c      0x158 ./Drivers/STM32F4xx_HAL_Driver/Src/stm32f4xx_hal_tim.o
                0x0800554c                TIM_Base_SetConfig
 .text.HAL_TIMEx_MasterConfigSynchronization
                0x080056a4       0xf8 ./Drivers/STM32F4xx_HAL_Driver/Src/stm32f4xx_hal_tim_ex.o
                0x080056a4                HAL_TIMEx_MasterConfigSynchronization
 .text.HAL_TIMEx_CommutCallback
                0x0800579c       0x14 ./Drivers/STM32F4xx_HAL_Driver/Src/stm32f4xx_hal_tim_ex.o
                0x0800579c                HAL_TIMEx_CommutCallback
 .text.HAL_TIMEx_BreakCallback
                0x080057b0       0x14 ./Drivers/STM32F4xx_HAL_Driver/Src/stm32f4xx_hal_tim_ex.o
                0x080057b0                HAL_TIMEx_BreakCallback
 .text.USB_CoreInit
                0x080057c4       0xc8 ./Drivers/STM32F4xx_HAL_Driver/Src/stm32f4xx_ll_usb.o
                0x080057c4                USB_CoreInit
 .text.USB_EnableGlobalInt
                0x0800588c       0x22 ./Drivers/STM32F4xx_HAL_Driver/Src/stm32f4xx_ll_usb.o
                0x0800588c                USB_EnableGlobalInt
 .text.USB_DisableGlobalInt
                0x080058ae       0x22 ./Drivers/STM32F4xx_HAL_Driver/Src/stm32f4xx_ll_usb.o
                0x080058ae                USB_DisableGlobalInt
 .text.USB_SetCurrentMode
                0x080058d0       0x98 ./Drivers/STM32F4xx_HAL_Driver/Src/stm32f4xx_ll_usb.o
                0x080058d0                USB_SetCurrentMode
 .text.USB_FlushTxFifo
                0x08005968       0x64 ./Drivers/STM32F4xx_HAL_Driver/Src/stm32f4xx_ll_usb.o
                0x08005968                USB_FlushTxFifo
 .text.USB_FlushRxFifo
                0x080059cc       0x5c ./Drivers/STM32F4xx_HAL_Driver/Src/stm32f4xx_ll_usb.o
                0x080059cc                USB_FlushRxFifo
 .text.USB_WritePacket
                0x08005a28       0x7c ./Drivers/STM32F4xx_HAL_Driver/Src/stm32f4xx_ll_usb.o
                0x08005a28                USB_WritePacket
 .text.USB_ReadPacket
                0x08005aa4       0xb0 ./Drivers/STM32F4xx_HAL_Driver/Src/stm32f4xx_ll_usb.o
                0x08005aa4                USB_ReadPacket
 .text.USB_ReadInterrupts
                0x08005b54       0x26 ./Drivers/STM32F4xx_HAL_Driver/Src/stm32f4xx_ll_usb.o
                0x08005b54                USB_ReadInterrupts
 .text.USB_ReadChInterrupts
                0x08005b7a       0x42 ./Drivers/STM32F4xx_HAL_Driver/Src/stm32f4xx_ll_usb.o
                0x08005b7a                USB_ReadChInterrupts
 .text.USB_GetMode
                0x08005bbc       0x1c ./Drivers/STM32F4xx_HAL_Driver/Src/stm32f4xx_ll_usb.o
                0x08005bbc                USB_GetMode
 .text.USB_CoreReset
                0x08005bd8       0x62 ./Drivers/STM32F4xx_HAL_Driver/Src/stm32f4xx_ll_usb.o
 *fill*         0x08005c3a        0x2 
 .text.USB_HostInit
                0x08005c3c      0x188 ./Drivers/STM32F4xx_HAL_Driver/Src/stm32f4xx_ll_usb.o
                0x08005c3c                USB_HostInit
 .text.USB_InitFSLSPClkSel
                0x08005dc4       0x7a ./Drivers/STM32F4xx_HAL_Driver/Src/stm32f4xx_ll_usb.o
                0x08005dc4                USB_InitFSLSPClkSel
 .text.USB_ResetPort
                0x08005e3e       0x54 ./Drivers/STM32F4xx_HAL_Driver/Src/stm32f4xx_ll_usb.o
                0x08005e3e                USB_ResetPort
 .text.USB_DriveVbus
                0x08005e92       0x72 ./Drivers/STM32F4xx_HAL_Driver/Src/stm32f4xx_ll_usb.o
                0x08005e92                USB_DriveVbus
 .text.USB_GetHostSpeed
                0x08005f04       0x2e ./Drivers/STM32F4xx_HAL_Driver/Src/stm32f4xx_ll_usb.o
                0x08005f04                USB_GetHostSpeed
 .text.USB_GetCurrentFrame
                0x08005f32       0x22 ./Drivers/STM32F4xx_HAL_Driver/Src/stm32f4xx_ll_usb.o
                0x08005f32                USB_GetCurrentFrame
 .text.USB_HC_Init
                0x08005f54      0x258 ./Drivers/STM32F4xx_HAL_Driver/Src/stm32f4xx_ll_usb.o
                0x08005f54                USB_HC_Init
 .text.USB_HC_StartXfer
                0x080061ac      0x4f4 ./Drivers/STM32F4xx_HAL_Driver/Src/stm32f4xx_ll_usb.o
                0x080061ac                USB_HC_StartXfer
 .text.USB_HC_ReadInterrupt
                0x080066a0       0x22 ./Drivers/STM32F4xx_HAL_Driver/Src/stm32f4xx_ll_usb.o
                0x080066a0                USB_HC_ReadInterrupt
 .text.USB_HC_Halt
                0x080066c2      0x240 ./Drivers/STM32F4xx_HAL_Driver/Src/stm32f4xx_ll_usb.o
                0x080066c2                USB_HC_Halt
 *fill*         0x08006902        0x2 
 .text.USB_DoPing
                0x08006904       0x78 ./Drivers/STM32F4xx_HAL_Driver/Src/stm32f4xx_ll_usb.o
                0x08006904                USB_DoPing
 .text.USB_StopHost
                0x0800697c      0x124 ./Drivers/STM32F4xx_HAL_Driver/Src/stm32f4xx_ll_usb.o
                0x0800697c                USB_StopHost
 .text.USBH_CDC_InterfaceInit
                0x08006aa0      0x2ac ./Middlewares/ST/STM32_USB_Host_Library/Class/CDC/Src/usbh_cdc.o
 .text.USBH_CDC_InterfaceDeInit
                0x08006d4c       0xb2 ./Middlewares/ST/STM32_USB_Host_Library/Class/CDC/Src/usbh_cdc.o
 .text.USBH_CDC_ClassRequest
                0x08006dfe       0x3e ./Middlewares/ST/STM32_USB_Host_Library/Class/CDC/Src/usbh_cdc.o
 .text.USBH_CDC_Process
                0x08006e3c      0x12c ./Middlewares/ST/STM32_USB_Host_Library/Class/CDC/Src/usbh_cdc.o
 .text.USBH_CDC_SOFProcess
                0x08006f68       0x16 ./Middlewares/ST/STM32_USB_Host_Library/Class/CDC/Src/usbh_cdc.o
 .text.GetLineCoding
                0x08006f7e       0x3e ./Middlewares/ST/STM32_USB_Host_Library/Class/CDC/Src/usbh_cdc.o
 .text.SetLineCoding
                0x08006fbc       0x3e ./Middlewares/ST/STM32_USB_Host_Library/Class/CDC/Src/usbh_cdc.o
 .text.CDC_ProcessTransmission
                0x08006ffa      0x124 ./Middlewares/ST/STM32_USB_Host_Library/Class/CDC/Src/usbh_cdc.o
 .text.CDC_ProcessReception
                0x0800711e       0xd2 ./Middlewares/ST/STM32_USB_Host_Library/Class/CDC/Src/usbh_cdc.o
 .text.USBH_CDC_TransmitCallback
                0x080071f0       0x14 ./Middlewares/ST/STM32_USB_Host_Library/Class/CDC/Src/usbh_cdc.o
                0x080071f0                USBH_CDC_TransmitCallback
 .text.USBH_CDC_ReceiveCallback
                0x08007204       0x14 ./Middlewares/ST/STM32_USB_Host_Library/Class/CDC/Src/usbh_cdc.o
                0x08007204                USBH_CDC_ReceiveCallback
 .text.USBH_CDC_LineCodingChanged
                0x08007218       0x14 ./Middlewares/ST/STM32_USB_Host_Library/Class/CDC/Src/usbh_cdc.o
                0x08007218                USBH_CDC_LineCodingChanged
 .text.USBH_Init
                0x0800722c       0xb8 ./Middlewares/ST/STM32_USB_Host_Library/Core/Src/usbh_core.o
                0x0800722c                USBH_Init
 .text.DeInitStateMachine
                0x080072e4       0xe6 ./Middlewares/ST/STM32_USB_Host_Library/Core/Src/usbh_core.o
 .text.USBH_RegisterClass
                0x080073ca       0x54 ./Middlewares/ST/STM32_USB_Host_Library/Core/Src/usbh_core.o
                0x080073ca                USBH_RegisterClass
 .text.USBH_SelectInterface
                0x0800741e       0x38 ./Middlewares/ST/STM32_USB_Host_Library/Core/Src/usbh_core.o
                0x0800741e                USBH_SelectInterface
 .text.USBH_FindInterface
                0x08007456       0x8c ./Middlewares/ST/STM32_USB_Host_Library/Core/Src/usbh_core.o
                0x08007456                USBH_FindInterface
 .text.USBH_Start
                0x080074e2       0x20 ./Middlewares/ST/STM32_USB_Host_Library/Core/Src/usbh_core.o
                0x080074e2                USBH_Start
 *fill*         0x08007502        0x2 
 .text.USBH_Process
                0x08007504      0x4d4 ./Middlewares/ST/STM32_USB_Host_Library/Core/Src/usbh_core.o
                0x08007504                USBH_Process
 .text.USBH_HandleEnum
                0x080079d8      0x450 ./Middlewares/ST/STM32_USB_Host_Library/Core/Src/usbh_core.o
 .text.USBH_LL_SetTimer
                0x08007e28       0x1e ./Middlewares/ST/STM32_USB_Host_Library/Core/Src/usbh_core.o
                0x08007e28                USBH_LL_SetTimer
 .text.USBH_LL_IncTimer
                0x08007e46       0x24 ./Middlewares/ST/STM32_USB_Host_Library/Core/Src/usbh_core.o
                0x08007e46                USBH_LL_IncTimer
 .text.USBH_HandleSof
                0x08007e6a       0x30 ./Middlewares/ST/STM32_USB_Host_Library/Core/Src/usbh_core.o
 .text.USBH_LL_PortEnabled
                0x08007e9a       0x34 ./Middlewares/ST/STM32_USB_Host_Library/Core/Src/usbh_core.o
                0x08007e9a                USBH_LL_PortEnabled
 .text.USBH_LL_PortDisabled
                0x08007ece       0x1c ./Middlewares/ST/STM32_USB_Host_Library/Core/Src/usbh_core.o
                0x08007ece                USBH_LL_PortDisabled
 .text.USBH_LL_Connect
                0x08007eea       0x46 ./Middlewares/ST/STM32_USB_Host_Library/Core/Src/usbh_core.o
                0x08007eea                USBH_LL_Connect
 .text.USBH_LL_Disconnect
                0x08007f30       0x64 ./Middlewares/ST/STM32_USB_Host_Library/Core/Src/usbh_core.o
                0x08007f30                USBH_LL_Disconnect
 .text.USBH_Process_OS
                0x08007f94       0x2e ./Middlewares/ST/STM32_USB_Host_Library/Core/Src/usbh_core.o
 .text.USBH_LL_NotifyURBChange
                0x08007fc2       0x2e ./Middlewares/ST/STM32_USB_Host_Library/Core/Src/usbh_core.o
                0x08007fc2                USBH_LL_NotifyURBChange
 .text.USBH_Get_DevDesc
                0x08007ff0       0x58 ./Middlewares/ST/STM32_USB_Host_Library/Core/Src/usbh_ctlreq.o
                0x08007ff0                USBH_Get_DevDesc
 .text.USBH_Get_CfgDesc
                0x08008048       0x54 ./Middlewares/ST/STM32_USB_Host_Library/Core/Src/usbh_ctlreq.o
                0x08008048                USBH_Get_CfgDesc
 .text.USBH_Get_StringDesc
                0x0800809c       0x68 ./Middlewares/ST/STM32_USB_Host_Library/Core/Src/usbh_ctlreq.o
                0x0800809c                USBH_Get_StringDesc
 .text.USBH_GetDescriptor
                0x08008104       0x6a ./Middlewares/ST/STM32_USB_Host_Library/Core/Src/usbh_ctlreq.o
                0x08008104                USBH_GetDescriptor
 .text.USBH_SetAddress
                0x0800816e       0x48 ./Middlewares/ST/STM32_USB_Host_Library/Core/Src/usbh_ctlreq.o
                0x0800816e                USBH_SetAddress
 .text.USBH_SetCfg
                0x080081b6       0x46 ./Middlewares/ST/STM32_USB_Host_Library/Core/Src/usbh_ctlreq.o
                0x080081b6                USBH_SetCfg
 .text.USBH_SetFeature
                0x080081fc       0x48 ./Middlewares/ST/STM32_USB_Host_Library/Core/Src/usbh_ctlreq.o
                0x080081fc                USBH_SetFeature
 .text.USBH_ClrFeature
                0x08008244       0x48 ./Middlewares/ST/STM32_USB_Host_Library/Core/Src/usbh_ctlreq.o
                0x08008244                USBH_ClrFeature
 .text.USBH_ParseDevDesc
                0x0800828c      0x160 ./Middlewares/ST/STM32_USB_Host_Library/Core/Src/usbh_ctlreq.o
 .text.USBH_ParseCfgDesc
                0x080083ec      0x1f0 ./Middlewares/ST/STM32_USB_Host_Library/Core/Src/usbh_ctlreq.o
 .text.USBH_ParseInterfaceDesc
                0x080085dc       0x68 ./Middlewares/ST/STM32_USB_Host_Library/Core/Src/usbh_ctlreq.o
 .text.USBH_ParseEPDesc
                0x08008644      0x1d0 ./Middlewares/ST/STM32_USB_Host_Library/Core/Src/usbh_ctlreq.o
 .text.USBH_ParseStringDesc
                0x08008814       0x66 ./Middlewares/ST/STM32_USB_Host_Library/Core/Src/usbh_ctlreq.o
 .text.USBH_GetNextDesc
                0x0800887a       0x34 ./Middlewares/ST/STM32_USB_Host_Library/Core/Src/usbh_ctlreq.o
                0x0800887a                USBH_GetNextDesc
 .text.USBH_CtlReq
                0x080088ae       0xb2 ./Middlewares/ST/STM32_USB_Host_Library/Core/Src/usbh_ctlreq.o
                0x080088ae                USBH_CtlReq
 .text.USBH_HandleControl
                0x08008960      0x490 ./Middlewares/ST/STM32_USB_Host_Library/Core/Src/usbh_ctlreq.o
 .text.USBH_CtlSendSetup
                0x08008df0       0x34 ./Middlewares/ST/STM32_USB_Host_Library/Core/Src/usbh_ioreq.o
                0x08008df0                USBH_CtlSendSetup
 .text.USBH_CtlSendData
                0x08008e24       0x4a ./Middlewares/ST/STM32_USB_Host_Library/Core/Src/usbh_ioreq.o
                0x08008e24                USBH_CtlSendData
 .text.USBH_CtlReceiveData
                0x08008e6e       0x3c ./Middlewares/ST/STM32_USB_Host_Library/Core/Src/usbh_ioreq.o
                0x08008e6e                USBH_CtlReceiveData
 .text.USBH_BulkSendData
                0x08008eaa       0x4a ./Middlewares/ST/STM32_USB_Host_Library/Core/Src/usbh_ioreq.o
                0x08008eaa                USBH_BulkSendData
 .text.USBH_BulkReceiveData
                0x08008ef4       0x3c ./Middlewares/ST/STM32_USB_Host_Library/Core/Src/usbh_ioreq.o
                0x08008ef4                USBH_BulkReceiveData
 .text.USBH_OpenPipe
                0x08008f30       0x3e ./Middlewares/ST/STM32_USB_Host_Library/Core/Src/usbh_pipes.o
                0x08008f30                USBH_OpenPipe
 .text.USBH_ClosePipe
                0x08008f6e       0x20 ./Middlewares/ST/STM32_USB_Host_Library/Core/Src/usbh_pipes.o
                0x08008f6e                USBH_ClosePipe
 .text.USBH_AllocPipe
                0x08008f8e       0x42 ./Middlewares/ST/STM32_USB_Host_Library/Core/Src/usbh_pipes.o
                0x08008f8e                USBH_AllocPipe
 .text.USBH_FreePipe
                0x08008fd0       0x3c ./Middlewares/ST/STM32_USB_Host_Library/Core/Src/usbh_pipes.o
                0x08008fd0                USBH_FreePipe
 .text.USBH_GetFreePipe
                0x0800900c       0x48 ./Middlewares/ST/STM32_USB_Host_Library/Core/Src/usbh_pipes.o
 .text.__NVIC_SetPriority
                0x08009054       0x54 ./Middlewares/Third_Party/FreeRTOS/Source/CMSIS_RTOS_V2/cmsis_os2.o
 .text.SysTick_Handler
                0x080090a8       0x20 ./Middlewares/Third_Party/FreeRTOS/Source/CMSIS_RTOS_V2/cmsis_os2.o
                0x080090a8                SysTick_Handler
 .text.SVC_Setup
                0x080090c8       0x12 ./Middlewares/Third_Party/FreeRTOS/Source/CMSIS_RTOS_V2/cmsis_os2.o
 *fill*         0x080090da        0x2 
 .text.osKernelInitialize
                0x080090dc       0x48 ./Middlewares/Third_Party/FreeRTOS/Source/CMSIS_RTOS_V2/cmsis_os2.o
                0x080090dc                osKernelInitialize
 .text.osKernelStart
                0x08009124       0x4c ./Middlewares/Third_Party/FreeRTOS/Source/CMSIS_RTOS_V2/cmsis_os2.o
                0x08009124                osKernelStart
 .text.osThreadNew
                0x08009170      0x124 ./Middlewares/Third_Party/FreeRTOS/Source/CMSIS_RTOS_V2/cmsis_os2.o
                0x08009170                osThreadNew
 .text.osDelay  0x08009294       0x36 ./Middlewares/Third_Party/FreeRTOS/Source/CMSIS_RTOS_V2/cmsis_os2.o
                0x08009294                osDelay
 .text.TimerCallback
                0x080092ca       0x2a ./Middlewares/Third_Party/FreeRTOS/Source/CMSIS_RTOS_V2/cmsis_os2.o
 .text.osTimerNew
                0x080092f4       0xf8 ./Middlewares/Third_Party/FreeRTOS/Source/CMSIS_RTOS_V2/cmsis_os2.o
                0x080092f4                osTimerNew
 .text.osTimerStart
                0x080093ec       0x5c ./Middlewares/Third_Party/FreeRTOS/Source/CMSIS_RTOS_V2/cmsis_os2.o
                0x080093ec                osTimerStart
 .text.osMessageQueueNew
                0x08009448       0xe6 ./Middlewares/Third_Party/FreeRTOS/Source/CMSIS_RTOS_V2/cmsis_os2.o
                0x08009448                osMessageQueueNew
 *fill*         0x0800952e        0x2 
 .text.osMessageQueuePut
                0x08009530       0xc0 ./Middlewares/Third_Party/FreeRTOS/Source/CMSIS_RTOS_V2/cmsis_os2.o
                0x08009530                osMessageQueuePut
 .text.osMessageQueueGet
                0x080095f0       0xbc ./Middlewares/Third_Party/FreeRTOS/Source/CMSIS_RTOS_V2/cmsis_os2.o
                0x080095f0                osMessageQueueGet
 .text.vApplicationGetIdleTaskMemory
                0x080096ac       0x34 ./Middlewares/Third_Party/FreeRTOS/Source/CMSIS_RTOS_V2/cmsis_os2.o
                0x080096ac                vApplicationGetIdleTaskMemory
 .text.vApplicationGetTimerTaskMemory
                0x080096e0       0x34 ./Middlewares/Third_Party/FreeRTOS/Source/CMSIS_RTOS_V2/cmsis_os2.o
                0x080096e0                vApplicationGetTimerTaskMemory
 .text.vListInitialise
                0x08009714       0x40 ./Middlewares/Third_Party/FreeRTOS/Source/list.o
                0x08009714                vListInitialise
 .text.vListInitialiseItem
                0x08009754       0x1a ./Middlewares/Third_Party/FreeRTOS/Source/list.o
                0x08009754                vListInitialiseItem
 .text.vListInsertEnd
                0x0800976e       0x48 ./Middlewares/Third_Party/FreeRTOS/Source/list.o
                0x0800976e                vListInsertEnd
 .text.vListInsert
                0x080097b6       0x72 ./Middlewares/Third_Party/FreeRTOS/Source/list.o
                0x080097b6                vListInsert
 .text.uxListRemove
                0x08009828       0x54 ./Middlewares/Third_Party/FreeRTOS/Source/list.o
                0x08009828                uxListRemove
 .text.xQueueGenericReset
                0x0800987c       0xd4 ./Middlewares/Third_Party/FreeRTOS/Source/queue.o
                0x0800987c                xQueueGenericReset
 .text.xQueueGenericCreateStatic
                0x08009950       0xfa ./Middlewares/Third_Party/FreeRTOS/Source/queue.o
                0x08009950                xQueueGenericCreateStatic
 .text.xQueueGenericCreate
                0x08009a4a       0x76 ./Middlewares/Third_Party/FreeRTOS/Source/queue.o
                0x08009a4a                xQueueGenericCreate
 .text.prvInitialiseNewQueue
                0x08009ac0       0x46 ./Middlewares/Third_Party/FreeRTOS/Source/queue.o
 *fill*         0x08009b06        0x2 
 .text.xQueueGenericSend
                0x08009b08      0x204 ./Middlewares/Third_Party/FreeRTOS/Source/queue.o
                0x08009b08                xQueueGenericSend
 .text.xQueueGenericSendFromISR
                0x08009d0c      0x13c ./Middlewares/Third_Party/FreeRTOS/Source/queue.o
                0x08009d0c                xQueueGenericSendFromISR
 .text.xQueueReceive
                0x08009e48      0x1c4 ./Middlewares/Third_Party/FreeRTOS/Source/queue.o
                0x08009e48                xQueueReceive
 .text.xQueueReceiveFromISR
                0x0800a00c      0x104 ./Middlewares/Third_Party/FreeRTOS/Source/queue.o
                0x0800a00c                xQueueReceiveFromISR
 .text.prvCopyDataToQueue
                0x0800a110       0xd4 ./Middlewares/Third_Party/FreeRTOS/Source/queue.o
 .text.prvCopyDataFromQueue
                0x0800a1e4       0x4c ./Middlewares/Third_Party/FreeRTOS/Source/queue.o
 .text.prvUnlockQueue
                0x0800a230       0xa4 ./Middlewares/Third_Party/FreeRTOS/Source/queue.o
 .text.prvIsQueueEmpty
                0x0800a2d4       0x2c ./Middlewares/Third_Party/FreeRTOS/Source/queue.o
 .text.prvIsQueueFull
                0x0800a300       0x30 ./Middlewares/Third_Party/FreeRTOS/Source/queue.o
 .text.vQueueAddToRegistry
                0x0800a330       0x54 ./Middlewares/Third_Party/FreeRTOS/Source/queue.o
                0x0800a330                vQueueAddToRegistry
 .text.vQueueWaitForMessageRestricted
                0x0800a384       0x68 ./Middlewares/Third_Party/FreeRTOS/Source/queue.o
                0x0800a384                vQueueWaitForMessageRestricted
 .text.xTaskCreateStatic
                0x0800a3ec       0xc0 ./Middlewares/Third_Party/FreeRTOS/Source/tasks.o
                0x0800a3ec                xTaskCreateStatic
 .text.xTaskCreate
                0x0800a4ac       0x8a ./Middlewares/Third_Party/FreeRTOS/Source/tasks.o
                0x0800a4ac                xTaskCreate
 *fill*         0x0800a536        0x2 
 .text.prvInitialiseNewTask
                0x0800a538      0x150 ./Middlewares/Third_Party/FreeRTOS/Source/tasks.o
 .text.prvAddNewTaskToReadyList
                0x0800a688       0xe0 ./Middlewares/Third_Party/FreeRTOS/Source/tasks.o
 .text.vTaskDelay
                0x0800a768       0x6c ./Middlewares/Third_Party/FreeRTOS/Source/tasks.o
                0x0800a768                vTaskDelay
 .text.vTaskStartScheduler
                0x0800a7d4       0xe0 ./Middlewares/Third_Party/FreeRTOS/Source/tasks.o
                0x0800a7d4                vTaskStartScheduler
 .text.vTaskSuspendAll
                0x0800a8b4       0x1c ./Middlewares/Third_Party/FreeRTOS/Source/tasks.o
                0x0800a8b4                vTaskSuspendAll
 .text.xTaskResumeAll
                0x0800a8d0      0x13c ./Middlewares/Third_Party/FreeRTOS/Source/tasks.o
                0x0800a8d0                xTaskResumeAll
 .text.xTaskGetTickCount
                0x0800aa0c       0x20 ./Middlewares/Third_Party/FreeRTOS/Source/tasks.o
                0x0800aa0c                xTaskGetTickCount
 .text.xTaskIncrementTick
                0x0800aa2c      0x174 ./Middlewares/Third_Party/FreeRTOS/Source/tasks.o
                0x0800aa2c                xTaskIncrementTick
 .text.vTaskSwitchContext
                0x0800aba0       0xcc ./Middlewares/Third_Party/FreeRTOS/Source/tasks.o
                0x0800aba0                vTaskSwitchContext
 .text.vTaskPlaceOnEventList
                0x0800ac6c       0x4c ./Middlewares/Third_Party/FreeRTOS/Source/tasks.o
                0x0800ac6c                vTaskPlaceOnEventList
 .text.vTaskPlaceOnEventListRestricted
                0x0800acb8       0x58 ./Middlewares/Third_Party/FreeRTOS/Source/tasks.o
                0x0800acb8                vTaskPlaceOnEventListRestricted
 .text.xTaskRemoveFromEventList
                0x0800ad10       0xc8 ./Middlewares/Third_Party/FreeRTOS/Source/tasks.o
                0x0800ad10                xTaskRemoveFromEventList
 .text.vTaskInternalSetTimeOutState
                0x0800add8       0x2c ./Middlewares/Third_Party/FreeRTOS/Source/tasks.o
                0x0800add8                vTaskInternalSetTimeOutState
 .text.xTaskCheckForTimeOut
                0x0800ae04       0xc8 ./Middlewares/Third_Party/FreeRTOS/Source/tasks.o
                0x0800ae04                xTaskCheckForTimeOut
 .text.vTaskMissedYield
                0x0800aecc       0x18 ./Middlewares/Third_Party/FreeRTOS/Source/tasks.o
                0x0800aecc                vTaskMissedYield
 .text.prvIdleTask
                0x0800aee4       0x30 ./Middlewares/Third_Party/FreeRTOS/Source/tasks.o
 .text.prvInitialiseTaskLists
                0x0800af14       0x80 ./Middlewares/Third_Party/FreeRTOS/Source/tasks.o
 .text.prvCheckTasksWaitingTermination
                0x0800af94       0x5c ./Middlewares/Third_Party/FreeRTOS/Source/tasks.o
 .text.prvDeleteTCB
                0x0800aff0       0x6a ./Middlewares/Third_Party/FreeRTOS/Source/tasks.o
 *fill*         0x0800b05a        0x2 
 .text.prvResetNextTaskUnblockTime
                0x0800b05c       0x40 ./Middlewares/Third_Party/FreeRTOS/Source/tasks.o
 .text.xTaskGetSchedulerState
                0x0800b09c       0x3c ./Middlewares/Third_Party/FreeRTOS/Source/tasks.o
                0x0800b09c                xTaskGetSchedulerState
 .text.xTaskPriorityDisinherit
                0x0800b0d8       0xe0 ./Middlewares/Third_Party/FreeRTOS/Source/tasks.o
                0x0800b0d8                xTaskPriorityDisinherit
 .text.prvAddCurrentTaskToDelayedList
                0x0800b1b8       0xa8 ./Middlewares/Third_Party/FreeRTOS/Source/tasks.o
 .text.xTimerCreateTimerTask
                0x0800b260       0x94 ./Middlewares/Third_Party/FreeRTOS/Source/timers.o
                0x0800b260                xTimerCreateTimerTask
 .text.xTimerCreate
                0x0800b2f4       0x42 ./Middlewares/Third_Party/FreeRTOS/Source/timers.o
                0x0800b2f4                xTimerCreate
 .text.xTimerCreateStatic
                0x0800b336       0x80 ./Middlewares/Third_Party/FreeRTOS/Source/timers.o
                0x0800b336                xTimerCreateStatic
 .text.prvInitialiseNewTimer
                0x0800b3b6       0x78 ./Middlewares/Third_Party/FreeRTOS/Source/timers.o
 *fill*         0x0800b42e        0x2 
 .text.xTimerGenericCommand
                0x0800b430       0x9c ./Middlewares/Third_Party/FreeRTOS/Source/timers.o
                0x0800b430                xTimerGenericCommand
 .text.prvProcessExpiredTimer
                0x0800b4cc       0x9c ./Middlewares/Third_Party/FreeRTOS/Source/timers.o
 .text.prvTimerTask
                0x0800b568       0x26 ./Middlewares/Third_Party/FreeRTOS/Source/timers.o
 *fill*         0x0800b58e        0x2 
 .text.prvProcessTimerOrBlockTask
                0x0800b590       0x9c ./Middlewares/Third_Party/FreeRTOS/Source/timers.o
 .text.prvGetNextExpireTime
                0x0800b62c       0x48 ./Middlewares/Third_Party/FreeRTOS/Source/timers.o
 .text.prvSampleTimeNow
                0x0800b674       0x40 ./Middlewares/Third_Party/FreeRTOS/Source/timers.o
 .text.prvInsertTimerInActiveList
                0x0800b6b4       0x84 ./Middlewares/Third_Party/FreeRTOS/Source/timers.o
 .text.prvProcessReceivedCommands
                0x0800b738      0x1cc ./Middlewares/Third_Party/FreeRTOS/Source/timers.o
 .text.prvSwitchTimerLists
                0x0800b904       0xcc ./Middlewares/Third_Party/FreeRTOS/Source/timers.o
 .text.prvCheckForValidListAndQueue
                0x0800b9d0       0x80 ./Middlewares/Third_Party/FreeRTOS/Source/timers.o
 .text.pvTimerGetTimerID
                0x0800ba50       0x42 ./Middlewares/Third_Party/FreeRTOS/Source/timers.o
                0x0800ba50                pvTimerGetTimerID
 *fill*         0x0800ba92        0x2 
 .text.pxPortInitialiseStack
                0x0800ba94       0x68 ./Middlewares/Third_Party/FreeRTOS/Source/portable/GCC/ARM_CM4F/port.o
                0x0800ba94                pxPortInitialiseStack
 .text.prvTaskExitError
                0x0800bafc       0x5c ./Middlewares/Third_Party/FreeRTOS/Source/portable/GCC/ARM_CM4F/port.o
 *fill*         0x0800bb58        0x8 
 .text.SVC_Handler
                0x0800bb60       0x28 ./Middlewares/Third_Party/FreeRTOS/Source/portable/GCC/ARM_CM4F/port.o
                0x0800bb60                SVC_Handler
 .text.prvPortStartFirstTask
                0x0800bb88       0x28 ./Middlewares/Third_Party/FreeRTOS/Source/portable/GCC/ARM_CM4F/port.o
 .text.xPortStartScheduler
                0x0800bbb0      0x148 ./Middlewares/Third_Party/FreeRTOS/Source/portable/GCC/ARM_CM4F/port.o
                0x0800bbb0                xPortStartScheduler
 .text.vPortEnterCritical
                0x0800bcf8       0x64 ./Middlewares/Third_Party/FreeRTOS/Source/portable/GCC/ARM_CM4F/port.o
                0x0800bcf8                vPortEnterCritical
 .text.vPortExitCritical
                0x0800bd5c       0x54 ./Middlewares/Third_Party/FreeRTOS/Source/portable/GCC/ARM_CM4F/port.o
                0x0800bd5c                vPortExitCritical
 .text.PendSV_Handler
                0x0800bdb0       0x68 ./Middlewares/Third_Party/FreeRTOS/Source/portable/GCC/ARM_CM4F/port.o
                0x0800bdb0                PendSV_Handler
 .text.xPortSysTickHandler
                0x0800be18       0x44 ./Middlewares/Third_Party/FreeRTOS/Source/portable/GCC/ARM_CM4F/port.o
                0x0800be18                xPortSysTickHandler
 .text.vPortSetupTimerInterrupt
                0x0800be5c       0x48 ./Middlewares/Third_Party/FreeRTOS/Source/portable/GCC/ARM_CM4F/port.o
                0x0800be5c                vPortSetupTimerInterrupt
 .text.vPortEnableVFP
                0x0800bea4       0x14 ./Middlewares/Third_Party/FreeRTOS/Source/portable/GCC/ARM_CM4F/port.o
 .text.vPortValidateInterruptPriority
                0x0800beb8       0x84 ./Middlewares/Third_Party/FreeRTOS/Source/portable/GCC/ARM_CM4F/port.o
                0x0800beb8                vPortValidateInterruptPriority
 .text.pvPortMalloc
                0x0800bf3c      0x19c ./Middlewares/Third_Party/FreeRTOS/Source/portable/MemMang/heap_4.o
                0x0800bf3c                pvPortMalloc
 .text.vPortFree
                0x0800c0d8       0xc8 ./Middlewares/Third_Party/FreeRTOS/Source/portable/MemMang/heap_4.o
                0x0800c0d8                vPortFree
 .text.prvHeapInit
                0x0800c1a0       0xc4 ./Middlewares/Third_Party/FreeRTOS/Source/portable/MemMang/heap_4.o
 .text.prvInsertBlockIntoFreeList
                0x0800c264       0xb4 ./Middlewares/Third_Party/FreeRTOS/Source/portable/MemMang/heap_4.o
 .text.MX_USB_HOST_Init
                0x0800c318       0x4c ./USB_HOST/App/usb_host.o
                0x0800c318                MX_USB_HOST_Init
 .text.USBH_UserProcess
                0x0800c364       0x5c ./USB_HOST/App/usb_host.o
 .text.HAL_HCD_MspInit
                0x0800c3c0       0xc4 ./USB_HOST/Target/usbh_conf.o
                0x0800c3c0                HAL_HCD_MspInit
 .text.HAL_HCD_SOF_Callback
                0x0800c484       0x1c ./USB_HOST/Target/usbh_conf.o
                0x0800c484                HAL_HCD_SOF_Callback
 .text.HAL_HCD_Connect_Callback
                0x0800c4a0       0x1c ./USB_HOST/Target/usbh_conf.o
                0x0800c4a0                HAL_HCD_Connect_Callback
 .text.HAL_HCD_Disconnect_Callback
                0x0800c4bc       0x1c ./USB_HOST/Target/usbh_conf.o
                0x0800c4bc                HAL_HCD_Disconnect_Callback
 .text.HAL_HCD_HC_NotifyURBChange_Callback
                0x0800c4d8       0x24 ./USB_HOST/Target/usbh_conf.o
                0x0800c4d8                HAL_HCD_HC_NotifyURBChange_Callback
 .text.HAL_HCD_PortEnabled_Callback
                0x0800c4fc       0x1c ./USB_HOST/Target/usbh_conf.o
                0x0800c4fc                HAL_HCD_PortEnabled_Callback
 .text.HAL_HCD_PortDisabled_Callback
                0x0800c518       0x1c ./USB_HOST/Target/usbh_conf.o
                0x0800c518                HAL_HCD_PortDisabled_Callback
 .text.USBH_LL_Init
                0x0800c534       0x78 ./USB_HOST/Target/usbh_conf.o
                0x0800c534                USBH_LL_Init
 .text.USBH_LL_Start
                0x0800c5ac       0x36 ./USB_HOST/Target/usbh_conf.o
                0x0800c5ac                USBH_LL_Start
 .text.USBH_LL_Stop
                0x0800c5e2       0x36 ./USB_HOST/Target/usbh_conf.o
                0x0800c5e2                USBH_LL_Stop
 .text.USBH_LL_GetSpeed
                0x0800c618       0x4e ./USB_HOST/Target/usbh_conf.o
                0x0800c618                USBH_LL_GetSpeed
 .text.USBH_LL_ResetPort
                0x0800c666       0x36 ./USB_HOST/Target/usbh_conf.o
                0x0800c666                USBH_LL_ResetPort
 .text.USBH_LL_GetLastXferSize
                0x0800c69c       0x26 ./USB_HOST/Target/usbh_conf.o
                0x0800c69c                USBH_LL_GetLastXferSize
 .text.USBH_LL_OpenPipe
                0x0800c6c2       0x5e ./USB_HOST/Target/usbh_conf.o
                0x0800c6c2                USBH_LL_OpenPipe
 .text.USBH_LL_ClosePipe
                0x0800c720       0x3e ./USB_HOST/Target/usbh_conf.o
                0x0800c720                USBH_LL_ClosePipe
 .text.USBH_LL_SubmitURB
                0x0800c75e       0x62 ./USB_HOST/Target/usbh_conf.o
                0x0800c75e                USBH_LL_SubmitURB
 .text.USBH_LL_GetURBState
                0x0800c7c0       0x26 ./USB_HOST/Target/usbh_conf.o
                0x0800c7c0                USBH_LL_GetURBState
 .text.USBH_LL_DriverVBUS
                0x0800c7e6       0x2e ./USB_HOST/Target/usbh_conf.o
                0x0800c7e6                USBH_LL_DriverVBUS
 .text.USBH_LL_SetToggle
                0x0800c814       0x66 ./USB_HOST/Target/usbh_conf.o
                0x0800c814                USBH_LL_SetToggle
 .text.USBH_Delay
                0x0800c87a       0x16 ./USB_HOST/Target/usbh_conf.o
                0x0800c87a                USBH_Delay
 .text.USBH_Get_USB_Status
                0x0800c890       0x58 ./USB_HOST/Target/usbh_conf.o
                0x0800c890                USBH_Get_USB_Status
 .text.MX_DriverVbusFS
                0x0800c8e8       0x38 ./USB_HOST/Target/usbh_platform.o
                0x0800c8e8                MX_DriverVbusFS
 .text.malloc   0x0800c920       0x10 C:/ST/STM32CubeIDE_1.16.0/STM32CubeIDE/plugins/com.st.stm32cube.ide.mcu.externaltools.gnu-tools-for-stm32.12.3.rel1.win32_1.0.200.202406191623/tools/bin/../lib/gcc/arm-none-eabi/12.3.1/../../../../arm-none-eabi/lib/thumb/v7e-m+fp/hard\libc_nano.a(libc_a-malloc.o)
                0x0800c920                malloc
 .text.free     0x0800c930       0x10 C:/ST/STM32CubeIDE_1.16.0/STM32CubeIDE/plugins/com.st.stm32cube.ide.mcu.externaltools.gnu-tools-for-stm32.12.3.rel1.win32_1.0.200.202406191623/tools/bin/../lib/gcc/arm-none-eabi/12.3.1/../../../../arm-none-eabi/lib/thumb/v7e-m+fp/hard\libc_nano.a(libc_a-malloc.o)
                0x0800c930                free
 .text.sbrk_aligned
                0x0800c940       0x44 C:/ST/STM32CubeIDE_1.16.0/STM32CubeIDE/plugins/com.st.stm32cube.ide.mcu.externaltools.gnu-tools-for-stm32.12.3.rel1.win32_1.0.200.202406191623/tools/bin/../lib/gcc/arm-none-eabi/12.3.1/../../../../arm-none-eabi/lib/thumb/v7e-m+fp/hard\libc_nano.a(libc_a-mallocr.o)
 .text._malloc_r
                0x0800c984      0x100 C:/ST/STM32CubeIDE_1.16.0/STM32CubeIDE/plugins/com.st.stm32cube.ide.mcu.externaltools.gnu-tools-for-stm32.12.3.rel1.win32_1.0.200.202406191623/tools/bin/../lib/gcc/arm-none-eabi/12.3.1/../../../../arm-none-eabi/lib/thumb/v7e-m+fp/hard\libc_nano.a(libc_a-mallocr.o)
                0x0800c984                _malloc_r
 .text.__malloc_lock
                0x0800ca84        0xc C:/ST/STM32CubeIDE_1.16.0/STM32CubeIDE/plugins/com.st.stm32cube.ide.mcu.externaltools.gnu-tools-for-stm32.12.3.rel1.win32_1.0.200.202406191623/tools/bin/../lib/gcc/arm-none-eabi/12.3.1/../../../../arm-none-eabi/lib/thumb/v7e-m+fp/hard\libc_nano.a(libc_a-mlock.o)
                0x0800ca84                __malloc_lock
 .text.__malloc_unlock
                0x0800ca90        0xc C:/ST/STM32CubeIDE_1.16.0/STM32CubeIDE/plugins/com.st.stm32cube.ide.mcu.externaltools.gnu-tools-for-stm32.12.3.rel1.win32_1.0.200.202406191623/tools/bin/../lib/gcc/arm-none-eabi/12.3.1/../../../../arm-none-eabi/lib/thumb/v7e-m+fp/hard\libc_nano.a(libc_a-mlock.o)
                0x0800ca90                __malloc_unlock
 .text.memset   0x0800ca9c       0x10 C:/ST/STM32CubeIDE_1.16.0/STM32CubeIDE/plugins/com.st.stm32cube.ide.mcu.externaltools.gnu-tools-for-stm32.12.3.rel1.win32_1.0.200.202406191623/tools/bin/../lib/gcc/arm-none-eabi/12.3.1/../../../../arm-none-eabi/lib/thumb/v7e-m+fp/hard\libc_nano.a(libc_a-memset.o)
                0x0800ca9c                memset
 .text._reclaim_reent
                0x0800caac       0xac C:/ST/STM32CubeIDE_1.16.0/STM32CubeIDE/plugins/com.st.stm32cube.ide.mcu.externaltools.gnu-tools-for-stm32.12.3.rel1.win32_1.0.200.202406191623/tools/bin/../lib/gcc/arm-none-eabi/12.3.1/../../../../arm-none-eabi/lib/thumb/v7e-m+fp/hard\libc_nano.a(libc_a-reent.o)
                0x0800caac                _reclaim_reent
 .text._sbrk_r  0x0800cb58       0x20 C:/ST/STM32CubeIDE_1.16.0/STM32CubeIDE/plugins/com.st.stm32cube.ide.mcu.externaltools.gnu-tools-for-stm32.12.3.rel1.win32_1.0.200.202406191623/tools/bin/../lib/gcc/arm-none-eabi/12.3.1/../../../../arm-none-eabi/lib/thumb/v7e-m+fp/hard\libc_nano.a(libc_a-sbrkr.o)
                0x0800cb58                _sbrk_r
 .text.__errno  0x0800cb78        0xc C:/ST/STM32CubeIDE_1.16.0/STM32CubeIDE/plugins/com.st.stm32cube.ide.mcu.externaltools.gnu-tools-for-stm32.12.3.rel1.win32_1.0.200.202406191623/tools/bin/../lib/gcc/arm-none-eabi/12.3.1/../../../../arm-none-eabi/lib/thumb/v7e-m+fp/hard\libc_nano.a(libc_a-errno.o)
                0x0800cb78                __errno
 .text.__libc_init_array
                0x0800cb84       0x48 C:/ST/STM32CubeIDE_1.16.0/STM32CubeIDE/plugins/com.st.stm32cube.ide.mcu.externaltools.gnu-tools-for-stm32.12.3.rel1.win32_1.0.200.202406191623/tools/bin/../lib/gcc/arm-none-eabi/12.3.1/../../../../arm-none-eabi/lib/thumb/v7e-m+fp/hard\libc_nano.a(libc_a-init.o)
                0x0800cb84                __libc_init_array
 .text.__retarget_lock_acquire_recursive
                0x0800cbcc        0x2 C:/ST/STM32CubeIDE_1.16.0/STM32CubeIDE/plugins/com.st.stm32cube.ide.mcu.externaltools.gnu-tools-for-stm32.12.3.rel1.win32_1.0.200.202406191623/tools/bin/../lib/gcc/arm-none-eabi/12.3.1/../../../../arm-none-eabi/lib/thumb/v7e-m+fp/hard\libc_nano.a(libc_a-lock.o)
                0x0800cbcc                __retarget_lock_acquire_recursive
 .text.__retarget_lock_release_recursive
                0x0800cbce        0x2 C:/ST/STM32CubeIDE_1.16.0/STM32CubeIDE/plugins/com.st.stm32cube.ide.mcu.externaltools.gnu-tools-for-stm32.12.3.rel1.win32_1.0.200.202406191623/tools/bin/../lib/gcc/arm-none-eabi/12.3.1/../../../../arm-none-eabi/lib/thumb/v7e-m+fp/hard\libc_nano.a(libc_a-lock.o)
                0x0800cbce                __retarget_lock_release_recursive
 .text.memcpy   0x0800cbd0       0x1c C:/ST/STM32CubeIDE_1.16.0/STM32CubeIDE/plugins/com.st.stm32cube.ide.mcu.externaltools.gnu-tools-for-stm32.12.3.rel1.win32_1.0.200.202406191623/tools/bin/../lib/gcc/arm-none-eabi/12.3.1/../../../../arm-none-eabi/lib/thumb/v7e-m+fp/hard\libc_nano.a(libc_a-memcpy-stub.o)
                0x0800cbd0                memcpy
 .text._free_r  0x0800cbec       0x94 C:/ST/STM32CubeIDE_1.16.0/STM32CubeIDE/plugins/com.st.stm32cube.ide.mcu.externaltools.gnu-tools-for-stm32.12.3.rel1.win32_1.0.200.202406191623/tools/bin/../lib/gcc/arm-none-eabi/12.3.1/../../../../arm-none-eabi/lib/thumb/v7e-m+fp/hard\libc_nano.a(libc_a-freer.o)
                0x0800cbec                _free_r
 *(.glue_7)
 .glue_7        0x0800cc80        0x0 linker stubs
 *(.glue_7t)
 .glue_7t       0x0800cc80        0x0 linker stubs
 *(.eh_frame)
 .eh_frame      0x0800cc80        0x0 C:/ST/STM32CubeIDE_1.16.0/STM32CubeIDE/plugins/com.st.stm32cube.ide.mcu.externaltools.gnu-tools-for-stm32.12.3.rel1.win32_1.0.200.202406191623/tools/bin/../lib/gcc/arm-none-eabi/12.3.1/thumb/v7e-m+fp/hard/crtbegin.o
 *(.init)
 .init          0x0800cc80        0x4 C:/ST/STM32CubeIDE_1.16.0/STM32CubeIDE/plugins/com.st.stm32cube.ide.mcu.externaltools.gnu-tools-for-stm32.12.3.rel1.win32_1.0.200.202406191623/tools/bin/../lib/gcc/arm-none-eabi/12.3.1/thumb/v7e-m+fp/hard/crti.o
                0x0800cc80                _init
 .init          0x0800cc84        0x8 C:/ST/STM32CubeIDE_1.16.0/STM32CubeIDE/plugins/com.st.stm32cube.ide.mcu.externaltools.gnu-tools-for-stm32.12.3.rel1.win32_1.0.200.202406191623/tools/bin/../lib/gcc/arm-none-eabi/12.3.1/thumb/v7e-m+fp/hard/crtn.o
 *(.fini)
 .fini          0x0800cc8c        0x4 C:/ST/STM32CubeIDE_1.16.0/STM32CubeIDE/plugins/com.st.stm32cube.ide.mcu.externaltools.gnu-tools-for-stm32.12.3.rel1.win32_1.0.200.202406191623/tools/bin/../lib/gcc/arm-none-eabi/12.3.1/thumb/v7e-m+fp/hard/crti.o
                0x0800cc8c                _fini
 .fini          0x0800cc90        0x8 C:/ST/STM32CubeIDE_1.16.0/STM32CubeIDE/plugins/com.st.stm32cube.ide.mcu.externaltools.gnu-tools-for-stm32.12.3.rel1.win32_1.0.200.202406191623/tools/bin/../lib/gcc/arm-none-eabi/12.3.1/thumb/v7e-m+fp/hard/crtn.o
                0x0800cc98                        . = ALIGN (0x4)
                0x0800cc98                        _etext = .

.vfp11_veneer   0x0800cc98        0x0
 .vfp11_veneer  0x0800cc98        0x0 linker stubs

.v4_bx          0x0800cc98        0x0
 .v4_bx         0x0800cc98        0x0 linker stubs

.iplt           0x0800cc98        0x0
 .iplt          0x0800cc98        0x0 C:/ST/STM32CubeIDE_1.16.0/STM32CubeIDE/plugins/com.st.stm32cube.ide.mcu.externaltools.gnu-tools-for-stm32.12.3.rel1.win32_1.0.200.202406191623/tools/bin/../lib/gcc/arm-none-eabi/12.3.1/thumb/v7e-m+fp/hard/crtbegin.o

.rodata         0x0800cc98      0x134
                0x0800cc98                        . = ALIGN (0x4)
 *(.rodata)
 .rodata        0x0800cc98       0x46 ./Core/Src/main.o
 *fill*         0x0800ccde        0x2 
 .rodata        0x0800cce0        0x4 ./Middlewares/ST/STM32_USB_Host_Library/Class/CDC/Src/usbh_cdc.o
 .rodata        0x0800cce4        0xb ./Middlewares/ST/STM32_USB_Host_Library/Core/Src/usbh_core.o
 *fill*         0x0800ccef        0x1 
 .rodata        0x0800ccf0        0x5 ./Middlewares/Third_Party/FreeRTOS/Source/tasks.o
 *fill*         0x0800ccf5        0x3 
 .rodata        0x0800ccf8        0xd ./Middlewares/Third_Party/FreeRTOS/Source/timers.o
 *(.rodata*)
 *fill*         0x0800cd05        0x3 
 .rodata.defaultTask_attributes
                0x0800cd08       0x24 ./Core/Src/main.o
                0x0800cd08                defaultTask_attributes
 .rodata.myTask02_attributes
                0x0800cd2c       0x24 ./Core/Src/main.o
                0x0800cd2c                myTask02_attributes
 .rodata.myTask03_attributes
                0x0800cd50       0x24 ./Core/Src/main.o
                0x0800cd50                myTask03_attributes
 .rodata.myQueue01_attributes
                0x0800cd74       0x18 ./Core/Src/main.o
                0x0800cd74                myQueue01_attributes
 .rodata.myQueue02_attributes
                0x0800cd8c       0x18 ./Core/Src/main.o
                0x0800cd8c                myQueue02_attributes
 .rodata.myTimer01_attributes
                0x0800cda4       0x10 ./Core/Src/main.o
                0x0800cda4                myTimer01_attributes
 .rodata.AHBPrescTable
                0x0800cdb4       0x10 ./Core/Src/system_stm32f4xx.o
                0x0800cdb4                AHBPrescTable
 .rodata.APBPrescTable
                0x0800cdc4        0x8 ./Core/Src/system_stm32f4xx.o
                0x0800cdc4                APBPrescTable
                0x0800cdcc                        . = ALIGN (0x4)

.ARM.extab      0x0800cdcc        0x0
                0x0800cdcc                        . = ALIGN (0x4)
 *(.ARM.extab* .gnu.linkonce.armextab.*)
                0x0800cdcc                        . = ALIGN (0x4)

.ARM            0x0800cdcc        0x8
                0x0800cdcc                        . = ALIGN (0x4)
                0x0800cdcc                        __exidx_start = .
 *(.ARM.exidx*)
 .ARM.exidx     0x0800cdcc        0x8 C:/ST/STM32CubeIDE_1.16.0/STM32CubeIDE/plugins/com.st.stm32cube.ide.mcu.externaltools.gnu-tools-for-stm32.12.3.rel1.win32_1.0.200.202406191623/tools/bin/../lib/gcc/arm-none-eabi/12.3.1/thumb/v7e-m+fp/hard\libgcc.a(_udivmoddi4.o)
                0x0800cdd4                        __exidx_end = .
                0x0800cdd4                        . = ALIGN (0x4)

.preinit_array  0x0800cdd4        0x0
                0x0800cdd4                        . = ALIGN (0x4)
                0x0800cdd4                        PROVIDE (__preinit_array_start = .)
 *(.preinit_array*)
                0x0800cdd4                        PROVIDE (__preinit_array_end = .)
                0x0800cdd4                        . = ALIGN (0x4)

.init_array     0x0800cdd4        0x4
                0x0800cdd4                        . = ALIGN (0x4)
                0x0800cdd4                        PROVIDE (__init_array_start = .)
 *(SORT_BY_NAME(.init_array.*))
 *(.init_array*)
 .init_array    0x0800cdd4        0x4 C:/ST/STM32CubeIDE_1.16.0/STM32CubeIDE/plugins/com.st.stm32cube.ide.mcu.externaltools.gnu-tools-for-stm32.12.3.rel1.win32_1.0.200.202406191623/tools/bin/../lib/gcc/arm-none-eabi/12.3.1/thumb/v7e-m+fp/hard/crtbegin.o
                0x0800cdd8                        PROVIDE (__init_array_end = .)
                0x0800cdd8                        . = ALIGN (0x4)

.fini_array     0x0800cdd8        0x4
                0x0800cdd8                        . = ALIGN (0x4)
                [!provide]                        PROVIDE (__fini_array_start = .)
 *(SORT_BY_NAME(.fini_array.*))
 *(.fini_array*)
 .fini_array    0x0800cdd8        0x4 C:/ST/STM32CubeIDE_1.16.0/STM32CubeIDE/plugins/com.st.stm32cube.ide.mcu.externaltools.gnu-tools-for-stm32.12.3.rel1.win32_1.0.200.202406191623/tools/bin/../lib/gcc/arm-none-eabi/12.3.1/thumb/v7e-m+fp/hard/crtbegin.o
                [!provide]                        PROVIDE (__fini_array_end = .)
                0x0800cddc                        . = ALIGN (0x4)
                0x0800cddc                        _sidata = LOADADDR (.data)

.rel.dyn        0x0800cddc        0x0
 .rel.iplt      0x0800cddc        0x0 C:/ST/STM32CubeIDE_1.16.0/STM32CubeIDE/plugins/com.st.stm32cube.ide.mcu.externaltools.gnu-tools-for-stm32.12.3.rel1.win32_1.0.200.202406191623/tools/bin/../lib/gcc/arm-none-eabi/12.3.1/thumb/v7e-m+fp/hard/crtbegin.o

.data           0x20000000       0x80 load address 0x0800cddc
                0x20000000                        . = ALIGN (0x4)
                0x20000000                        _sdata = .
 *(.data)
 *(.data*)
 .data.SystemCoreClock
                0x20000000        0x4 ./Core/Src/system_stm32f4xx.o
                0x20000000                SystemCoreClock
 .data.uwTickPrio
                0x20000004        0x4 ./Drivers/STM32F4xx_HAL_Driver/Src/stm32f4xx_hal.o
                0x20000004                uwTickPrio
 .data.uwTickFreq
                0x20000008        0x1 ./Drivers/STM32F4xx_HAL_Driver/Src/stm32f4xx_hal.o
                0x20000008                uwTickFreq
 *fill*         0x20000009        0x3 
 .data.CDC_Class
                0x2000000c       0x20 ./Middlewares/ST/STM32_USB_Host_Library/Class/CDC/Src/usbh_cdc.o
                0x2000000c                CDC_Class
 .data.uxCriticalNesting
                0x2000002c        0x4 ./Middlewares/Third_Party/FreeRTOS/Source/portable/GCC/ARM_CM4F/port.o
 .data._impure_ptr
                0x20000030        0x4 C:/ST/STM32CubeIDE_1.16.0/STM32CubeIDE/plugins/com.st.stm32cube.ide.mcu.externaltools.gnu-tools-for-stm32.12.3.rel1.win32_1.0.200.202406191623/tools/bin/../lib/gcc/arm-none-eabi/12.3.1/../../../../arm-none-eabi/lib/thumb/v7e-m+fp/hard\libc_nano.a(libc_a-impure.o)
                0x20000030                _impure_ptr
 .data._impure_data
                0x20000034       0x4c C:/ST/STM32CubeIDE_1.16.0/STM32CubeIDE/plugins/com.st.stm32cube.ide.mcu.externaltools.gnu-tools-for-stm32.12.3.rel1.win32_1.0.200.202406191623/tools/bin/../lib/gcc/arm-none-eabi/12.3.1/../../../../arm-none-eabi/lib/thumb/v7e-m+fp/hard\libc_nano.a(libc_a-impure.o)
                0x20000034                _impure_data
 *(.RamFunc)
 *(.RamFunc*)
                0x20000080                        . = ALIGN (0x4)
                0x20000080                        _edata = .
                0x0800ce5c                        _siccmram = LOADADDR (.ccmram)

.igot.plt       0x20000080        0x0 load address 0x0800ce5c
 .igot.plt      0x20000080        0x0 C:/ST/STM32CubeIDE_1.16.0/STM32CubeIDE/plugins/com.st.stm32cube.ide.mcu.externaltools.gnu-tools-for-stm32.12.3.rel1.win32_1.0.200.202406191623/tools/bin/../lib/gcc/arm-none-eabi/12.3.1/thumb/v7e-m+fp/hard/crtbegin.o

.ccmram         0x10000000        0x0 load address 0x0800ce5c
                0x10000000                        . = ALIGN (0x4)
                0x10000000                        _sccmram = .
 *(.ccmram)
 *(.ccmram*)
                0x10000000                        . = ALIGN (0x4)
                0x10000000                        _eccmram = .
                0x10000000                        . = ALIGN (0x4)

.bss            0x20000080     0x54dc
                0x20000080                        _sbss = .
                0x20000080                        __bss_start__ = _sbss
 *(.bss)
 .bss           0x20000080       0x1c C:/ST/STM32CubeIDE_1.16.0/STM32CubeIDE/plugins/com.st.stm32cube.ide.mcu.externaltools.gnu-tools-for-stm32.12.3.rel1.win32_1.0.200.202406191623/tools/bin/../lib/gcc/arm-none-eabi/12.3.1/thumb/v7e-m+fp/hard/crtbegin.o
 *(.bss*)
 .bss.hi2c1     0x2000009c       0x54 ./Core/Src/main.o
                0x2000009c                hi2c1
 .bss.hi2s3     0x200000f0       0x48 ./Core/Src/main.o
                0x200000f0                hi2s3
 .bss.hspi1     0x20000138       0x58 ./Core/Src/main.o
                0x20000138                hspi1
 .bss.htim7     0x20000190       0x48 ./Core/Src/main.o
                0x20000190                htim7
 .bss.defaultTaskHandle
                0x200001d8        0x4 ./Core/Src/main.o
                0x200001d8                defaultTaskHandle
 .bss.myTask02Handle
                0x200001dc        0x4 ./Core/Src/main.o
                0x200001dc                myTask02Handle
 .bss.myTask03Handle
                0x200001e0        0x4 ./Core/Src/main.o
                0x200001e0                myTask03Handle
 .bss.myQueue01Handle
                0x200001e4        0x4 ./Core/Src/main.o
                0x200001e4                myQueue01Handle
 .bss.myQueue02Handle
                0x200001e8        0x4 ./Core/Src/main.o
                0x200001e8                myQueue02Handle
 .bss.myTimer01Handle
                0x200001ec        0x4 ./Core/Src/main.o
                0x200001ec                myTimer01Handle
 .bss.htim6     0x200001f0       0x48 ./Core/Src/stm32f4xx_hal_timebase_tim.o
                0x200001f0                htim6
 .bss.__sbrk_heap_end
                0x20000238        0x4 ./Core/Src/sysmem.o
 .bss.uwTick    0x2000023c        0x4 ./Drivers/STM32F4xx_HAL_Driver/Src/stm32f4xx_hal.o
                0x2000023c                uwTick
 .bss.USBH_Thread_Atrr
                0x20000240       0x24 ./Middlewares/ST/STM32_USB_Host_Library/Core/Src/usbh_core.o
                0x20000240                USBH_Thread_Atrr
 .bss.KernelState
                0x20000264        0x4 ./Middlewares/Third_Party/FreeRTOS/Source/CMSIS_RTOS_V2/cmsis_os2.o
 .bss.Idle_TCB.3
                0x20000268       0xa8 ./Middlewares/Third_Party/FreeRTOS/Source/CMSIS_RTOS_V2/cmsis_os2.o
 .bss.Idle_Stack.2
                0x20000310      0x200 ./Middlewares/Third_Party/FreeRTOS/Source/CMSIS_RTOS_V2/cmsis_os2.o
 .bss.Timer_TCB.1
                0x20000510       0xa8 ./Middlewares/Third_Party/FreeRTOS/Source/CMSIS_RTOS_V2/cmsis_os2.o
 .bss.Timer_Stack.0
                0x200005b8      0x400 ./Middlewares/Third_Party/FreeRTOS/Source/CMSIS_RTOS_V2/cmsis_os2.o
 .bss.xQueueRegistry
                0x200009b8       0x40 ./Middlewares/Third_Party/FreeRTOS/Source/queue.o
                0x200009b8                xQueueRegistry
 .bss.pxCurrentTCB
                0x200009f8        0x4 ./Middlewares/Third_Party/FreeRTOS/Source/tasks.o
                0x200009f8                pxCurrentTCB
 .bss.pxReadyTasksLists
                0x200009fc      0x460 ./Middlewares/Third_Party/FreeRTOS/Source/tasks.o
 .bss.xDelayedTaskList1
                0x20000e5c       0x14 ./Middlewares/Third_Party/FreeRTOS/Source/tasks.o
 .bss.xDelayedTaskList2
                0x20000e70       0x14 ./Middlewares/Third_Party/FreeRTOS/Source/tasks.o
 .bss.pxDelayedTaskList
                0x20000e84        0x4 ./Middlewares/Third_Party/FreeRTOS/Source/tasks.o
 .bss.pxOverflowDelayedTaskList
                0x20000e88        0x4 ./Middlewares/Third_Party/FreeRTOS/Source/tasks.o
 .bss.xPendingReadyList
                0x20000e8c       0x14 ./Middlewares/Third_Party/FreeRTOS/Source/tasks.o
 .bss.xTasksWaitingTermination
                0x20000ea0       0x14 ./Middlewares/Third_Party/FreeRTOS/Source/tasks.o
 .bss.uxDeletedTasksWaitingCleanUp
                0x20000eb4        0x4 ./Middlewares/Third_Party/FreeRTOS/Source/tasks.o
 .bss.xSuspendedTaskList
                0x20000eb8       0x14 ./Middlewares/Third_Party/FreeRTOS/Source/tasks.o
 .bss.uxCurrentNumberOfTasks
                0x20000ecc        0x4 ./Middlewares/Third_Party/FreeRTOS/Source/tasks.o
 .bss.xTickCount
                0x20000ed0        0x4 ./Middlewares/Third_Party/FreeRTOS/Source/tasks.o
 .bss.uxTopReadyPriority
                0x20000ed4        0x4 ./Middlewares/Third_Party/FreeRTOS/Source/tasks.o
 .bss.xSchedulerRunning
                0x20000ed8        0x4 ./Middlewares/Third_Party/FreeRTOS/Source/tasks.o
 .bss.xPendedTicks
                0x20000edc        0x4 ./Middlewares/Third_Party/FreeRTOS/Source/tasks.o
 .bss.xYieldPending
                0x20000ee0        0x4 ./Middlewares/Third_Party/FreeRTOS/Source/tasks.o
 .bss.xNumOfOverflows
                0x20000ee4        0x4 ./Middlewares/Third_Party/FreeRTOS/Source/tasks.o
 .bss.uxTaskNumber
                0x20000ee8        0x4 ./Middlewares/Third_Party/FreeRTOS/Source/tasks.o
 .bss.xNextTaskUnblockTime
                0x20000eec        0x4 ./Middlewares/Third_Party/FreeRTOS/Source/tasks.o
 .bss.xIdleTaskHandle
                0x20000ef0        0x4 ./Middlewares/Third_Party/FreeRTOS/Source/tasks.o
 .bss.uxSchedulerSuspended
                0x20000ef4        0x4 ./Middlewares/Third_Party/FreeRTOS/Source/tasks.o
 .bss.xActiveTimerList1
                0x20000ef8       0x14 ./Middlewares/Third_Party/FreeRTOS/Source/timers.o
 .bss.xActiveTimerList2
                0x20000f0c       0x14 ./Middlewares/Third_Party/FreeRTOS/Source/timers.o
 .bss.pxCurrentTimerList
                0x20000f20        0x4 ./Middlewares/Third_Party/FreeRTOS/Source/timers.o
 .bss.pxOverflowTimerList
                0x20000f24        0x4 ./Middlewares/Third_Party/FreeRTOS/Source/timers.o
 .bss.xTimerQueue
                0x20000f28        0x4 ./Middlewares/Third_Party/FreeRTOS/Source/timers.o
 .bss.xTimerTaskHandle
                0x20000f2c        0x4 ./Middlewares/Third_Party/FreeRTOS/Source/timers.o
 .bss.xLastTime.2
                0x20000f30        0x4 ./Middlewares/Third_Party/FreeRTOS/Source/timers.o
 .bss.ucStaticTimerQueueStorage.1
                0x20000f34       0xa0 ./Middlewares/Third_Party/FreeRTOS/Source/timers.o
 .bss.xStaticTimerQueue.0
                0x20000fd4       0x50 ./Middlewares/Third_Party/FreeRTOS/Source/timers.o
 .bss.ucMaxSysCallPriority
                0x20001024        0x1 ./Middlewares/Third_Party/FreeRTOS/Source/portable/GCC/ARM_CM4F/port.o
 *fill*         0x20001025        0x3 
 .bss.ulMaxPRIGROUPValue
                0x20001028        0x4 ./Middlewares/Third_Party/FreeRTOS/Source/portable/GCC/ARM_CM4F/port.o
 .bss.ucHeap    0x2000102c     0x3c00 ./Middlewares/Third_Party/FreeRTOS/Source/portable/MemMang/heap_4.o
 .bss.xStart    0x20004c2c        0x8 ./Middlewares/Third_Party/FreeRTOS/Source/portable/MemMang/heap_4.o
 .bss.pxEnd     0x20004c34        0x4 ./Middlewares/Third_Party/FreeRTOS/Source/portable/MemMang/heap_4.o
 .bss.xFreeBytesRemaining
                0x20004c38        0x4 ./Middlewares/Third_Party/FreeRTOS/Source/portable/MemMang/heap_4.o
 .bss.xMinimumEverFreeBytesRemaining
                0x20004c3c        0x4 ./Middlewares/Third_Party/FreeRTOS/Source/portable/MemMang/heap_4.o
 .bss.xNumberOfSuccessfulAllocations
                0x20004c40        0x4 ./Middlewares/Third_Party/FreeRTOS/Source/portable/MemMang/heap_4.o
 .bss.xNumberOfSuccessfulFrees
                0x20004c44        0x4 ./Middlewares/Third_Party/FreeRTOS/Source/portable/MemMang/heap_4.o
 .bss.xBlockAllocatedBit
                0x20004c48        0x4 ./Middlewares/Third_Party/FreeRTOS/Source/portable/MemMang/heap_4.o
 .bss.hUsbHostFS
                0x20004c4c      0x3e4 ./USB_HOST/App/usb_host.o
                0x20004c4c                hUsbHostFS
 .bss.Appli_state
                0x20005030        0x1 ./USB_HOST/App/usb_host.o
                0x20005030                Appli_state
 *fill*         0x20005031        0x3 
 .bss.hhcd_USB_OTG_FS
                0x20005034      0x3e0 ./USB_HOST/Target/usbh_conf.o
                0x20005034                hhcd_USB_OTG_FS
 .bss.__malloc_sbrk_start
                0x20005414        0x4 C:/ST/STM32CubeIDE_1.16.0/STM32CubeIDE/plugins/com.st.stm32cube.ide.mcu.externaltools.gnu-tools-for-stm32.12.3.rel1.win32_1.0.200.202406191623/tools/bin/../lib/gcc/arm-none-eabi/12.3.1/../../../../arm-none-eabi/lib/thumb/v7e-m+fp/hard\libc_nano.a(libc_a-mallocr.o)
                0x20005414                __malloc_sbrk_start
 .bss.__malloc_free_list
                0x20005418        0x4 C:/ST/STM32CubeIDE_1.16.0/STM32CubeIDE/plugins/com.st.stm32cube.ide.mcu.externaltools.gnu-tools-for-stm32.12.3.rel1.win32_1.0.200.202406191623/tools/bin/../lib/gcc/arm-none-eabi/12.3.1/../../../../arm-none-eabi/lib/thumb/v7e-m+fp/hard\libc_nano.a(libc_a-mallocr.o)
                0x20005418                __malloc_free_list
 .bss.__sf      0x2000541c      0x138 C:/ST/STM32CubeIDE_1.16.0/STM32CubeIDE/plugins/com.st.stm32cube.ide.mcu.externaltools.gnu-tools-for-stm32.12.3.rel1.win32_1.0.200.202406191623/tools/bin/../lib/gcc/arm-none-eabi/12.3.1/../../../../arm-none-eabi/lib/thumb/v7e-m+fp/hard\libc_nano.a(libc_a-findfp.o)
                0x2000541c                __sf
 .bss.errno     0x20005554        0x4 C:/ST/STM32CubeIDE_1.16.0/STM32CubeIDE/plugins/com.st.stm32cube.ide.mcu.externaltools.gnu-tools-for-stm32.12.3.rel1.win32_1.0.200.202406191623/tools/bin/../lib/gcc/arm-none-eabi/12.3.1/../../../../arm-none-eabi/lib/thumb/v7e-m+fp/hard\libc_nano.a(libc_a-reent.o)
                0x20005554                errno
 .bss.__lock___malloc_recursive_mutex
                0x20005558        0x1 C:/ST/STM32CubeIDE_1.16.0/STM32CubeIDE/plugins/com.st.stm32cube.ide.mcu.externaltools.gnu-tools-for-stm32.12.3.rel1.win32_1.0.200.202406191623/tools/bin/../lib/gcc/arm-none-eabi/12.3.1/../../../../arm-none-eabi/lib/thumb/v7e-m+fp/hard\libc_nano.a(libc_a-lock.o)
                0x20005558                __lock___malloc_recursive_mutex
 *(COMMON)
                0x2000555c                        . = ALIGN (0x4)
 *fill*         0x20005559        0x3 
                0x2000555c                        _ebss = .
                0x2000555c                        __bss_end__ = _ebss

._user_heap_stack
                0x2000555c      0x604
                0x20005560                        . = ALIGN (0x8)
 *fill*         0x2000555c        0x4 
                [!provide]                        PROVIDE (end = .)
                0x20005560                        PROVIDE (_end = .)
                0x20005760                        . = (. + _Min_Heap_Size)
 *fill*         0x20005560      0x200 
                0x20005b60                        . = (. + _Min_Stack_Size)
 *fill*         0x20005760      0x400 
                0x20005b60                        . = ALIGN (0x8)

/DISCARD/
 libc.a(*)
 libm.a(*)
 libgcc.a(*)

.ARM.attributes
                0x00000000       0x30
 *(.ARM.attributes)
 .ARM.attributes
                0x00000000       0x22 C:/ST/STM32CubeIDE_1.16.0/STM32CubeIDE/plugins/com.st.stm32cube.ide.mcu.externaltools.gnu-tools-for-stm32.12.3.rel1.win32_1.0.200.202406191623/tools/bin/../lib/gcc/arm-none-eabi/12.3.1/thumb/v7e-m+fp/hard/crti.o
 .ARM.attributes
                0x00000022       0x34 C:/ST/STM32CubeIDE_1.16.0/STM32CubeIDE/plugins/com.st.stm32cube.ide.mcu.externaltools.gnu-tools-for-stm32.12.3.rel1.win32_1.0.200.202406191623/tools/bin/../lib/gcc/arm-none-eabi/12.3.1/thumb/v7e-m+fp/hard/crtbegin.o
 .ARM.attributes
                0x00000056       0x34 ./Core/Src/main.o
 .ARM.attributes
                0x0000008a       0x34 ./Core/Src/stm32f4xx_hal_msp.o
 .ARM.attributes
                0x000000be       0x34 ./Core/Src/stm32f4xx_hal_timebase_tim.o
 .ARM.attributes
                0x000000f2       0x34 ./Core/Src/stm32f4xx_it.o
 .ARM.attributes
                0x00000126       0x34 ./Core/Src/sysmem.o
 .ARM.attributes
                0x0000015a       0x34 ./Core/Src/system_stm32f4xx.o
 .ARM.attributes
                0x0000018e       0x21 ./Core/Startup/startup_stm32f407vgtx.o
 .ARM.attributes
                0x000001af       0x34 ./Drivers/STM32F4xx_HAL_Driver/Src/stm32f4xx_hal.o
 .ARM.attributes
                0x000001e3       0x34 ./Drivers/STM32F4xx_HAL_Driver/Src/stm32f4xx_hal_cortex.o
 .ARM.attributes
                0x00000217       0x34 ./Drivers/STM32F4xx_HAL_Driver/Src/stm32f4xx_hal_gpio.o
 .ARM.attributes
                0x0000024b       0x34 ./Drivers/STM32F4xx_HAL_Driver/Src/stm32f4xx_hal_hcd.o
 .ARM.attributes
                0x0000027f       0x34 ./Drivers/STM32F4xx_HAL_Driver/Src/stm32f4xx_hal_i2c.o
 .ARM.attributes
                0x000002b3       0x34 ./Drivers/STM32F4xx_HAL_Driver/Src/stm32f4xx_hal_i2s.o
 .ARM.attributes
                0x000002e7       0x34 ./Drivers/STM32F4xx_HAL_Driver/Src/stm32f4xx_hal_i2s_ex.o
 .ARM.attributes
                0x0000031b       0x34 ./Drivers/STM32F4xx_HAL_Driver/Src/stm32f4xx_hal_rcc.o
 .ARM.attributes
                0x0000034f       0x34 ./Drivers/STM32F4xx_HAL_Driver/Src/stm32f4xx_hal_rcc_ex.o
 .ARM.attributes
                0x00000383       0x34 ./Drivers/STM32F4xx_HAL_Driver/Src/stm32f4xx_hal_spi.o
 .ARM.attributes
                0x000003b7       0x34 ./Drivers/STM32F4xx_HAL_Driver/Src/stm32f4xx_hal_tim.o
 .ARM.attributes
                0x000003eb       0x34 ./Drivers/STM32F4xx_HAL_Driver/Src/stm32f4xx_hal_tim_ex.o
 .ARM.attributes
                0x0000041f       0x34 ./Drivers/STM32F4xx_HAL_Driver/Src/stm32f4xx_ll_usb.o
 .ARM.attributes
                0x00000453       0x34 ./Middlewares/ST/STM32_USB_Host_Library/Class/CDC/Src/usbh_cdc.o
 .ARM.attributes
                0x00000487       0x34 ./Middlewares/ST/STM32_USB_Host_Library/Core/Src/usbh_core.o
 .ARM.attributes
                0x000004bb       0x34 ./Middlewares/ST/STM32_USB_Host_Library/Core/Src/usbh_ctlreq.o
 .ARM.attributes
                0x000004ef       0x34 ./Middlewares/ST/STM32_USB_Host_Library/Core/Src/usbh_ioreq.o
 .ARM.attributes
                0x00000523       0x34 ./Middlewares/ST/STM32_USB_Host_Library/Core/Src/usbh_pipes.o
 .ARM.attributes
                0x00000557       0x34 ./Middlewares/Third_Party/FreeRTOS/Source/CMSIS_RTOS_V2/cmsis_os2.o
 .ARM.attributes
                0x0000058b       0x34 ./Middlewares/Third_Party/FreeRTOS/Source/list.o
 .ARM.attributes
                0x000005bf       0x34 ./Middlewares/Third_Party/FreeRTOS/Source/queue.o
 .ARM.attributes
                0x000005f3       0x34 ./Middlewares/Third_Party/FreeRTOS/Source/tasks.o
 .ARM.attributes
                0x00000627       0x34 ./Middlewares/Third_Party/FreeRTOS/Source/timers.o
 .ARM.attributes
                0x0000065b       0x34 ./Middlewares/Third_Party/FreeRTOS/Source/portable/GCC/ARM_CM4F/port.o
 .ARM.attributes
                0x0000068f       0x34 ./Middlewares/Third_Party/FreeRTOS/Source/portable/MemMang/heap_4.o
 .ARM.attributes
                0x000006c3       0x34 ./USB_HOST/App/usb_host.o
 .ARM.attributes
                0x000006f7       0x34 ./USB_HOST/Target/usbh_conf.o
 .ARM.attributes
                0x0000072b       0x34 ./USB_HOST/Target/usbh_platform.o
 .ARM.attributes
                0x0000075f       0x34 C:/ST/STM32CubeIDE_1.16.0/STM32CubeIDE/plugins/com.st.stm32cube.ide.mcu.externaltools.gnu-tools-for-stm32.12.3.rel1.win32_1.0.200.202406191623/tools/bin/../lib/gcc/arm-none-eabi/12.3.1/../../../../arm-none-eabi/lib/thumb/v7e-m+fp/hard\libc_nano.a(libc_a-malloc.o)
 .ARM.attributes
                0x00000793       0x34 C:/ST/STM32CubeIDE_1.16.0/STM32CubeIDE/plugins/com.st.stm32cube.ide.mcu.externaltools.gnu-tools-for-stm32.12.3.rel1.win32_1.0.200.202406191623/tools/bin/../lib/gcc/arm-none-eabi/12.3.1/../../../../arm-none-eabi/lib/thumb/v7e-m+fp/hard\libc_nano.a(libc_a-mallocr.o)
 .ARM.attributes
                0x000007c7       0x34 C:/ST/STM32CubeIDE_1.16.0/STM32CubeIDE/plugins/com.st.stm32cube.ide.mcu.externaltools.gnu-tools-for-stm32.12.3.rel1.win32_1.0.200.202406191623/tools/bin/../lib/gcc/arm-none-eabi/12.3.1/../../../../arm-none-eabi/lib/thumb/v7e-m+fp/hard\libc_nano.a(libc_a-mlock.o)
 .ARM.attributes
                0x000007fb       0x34 C:/ST/STM32CubeIDE_1.16.0/STM32CubeIDE/plugins/com.st.stm32cube.ide.mcu.externaltools.gnu-tools-for-stm32.12.3.rel1.win32_1.0.200.202406191623/tools/bin/../lib/gcc/arm-none-eabi/12.3.1/../../../../arm-none-eabi/lib/thumb/v7e-m+fp/hard\libc_nano.a(libc_a-findfp.o)
 .ARM.attributes
                0x0000082f       0x34 C:/ST/STM32CubeIDE_1.16.0/STM32CubeIDE/plugins/com.st.stm32cube.ide.mcu.externaltools.gnu-tools-for-stm32.12.3.rel1.win32_1.0.200.202406191623/tools/bin/../lib/gcc/arm-none-eabi/12.3.1/../../../../arm-none-eabi/lib/thumb/v7e-m+fp/hard\libc_nano.a(libc_a-memset.o)
 .ARM.attributes
                0x00000863       0x34 C:/ST/STM32CubeIDE_1.16.0/STM32CubeIDE/plugins/com.st.stm32cube.ide.mcu.externaltools.gnu-tools-for-stm32.12.3.rel1.win32_1.0.200.202406191623/tools/bin/../lib/gcc/arm-none-eabi/12.3.1/../../../../arm-none-eabi/lib/thumb/v7e-m+fp/hard\libc_nano.a(libc_a-reent.o)
 .ARM.attributes
                0x00000897       0x34 C:/ST/STM32CubeIDE_1.16.0/STM32CubeIDE/plugins/com.st.stm32cube.ide.mcu.externaltools.gnu-tools-for-stm32.12.3.rel1.win32_1.0.200.202406191623/tools/bin/../lib/gcc/arm-none-eabi/12.3.1/../../../../arm-none-eabi/lib/thumb/v7e-m+fp/hard\libc_nano.a(libc_a-impure.o)
 .ARM.attributes
                0x000008cb       0x34 C:/ST/STM32CubeIDE_1.16.0/STM32CubeIDE/plugins/com.st.stm32cube.ide.mcu.externaltools.gnu-tools-for-stm32.12.3.rel1.win32_1.0.200.202406191623/tools/bin/../lib/gcc/arm-none-eabi/12.3.1/../../../../arm-none-eabi/lib/thumb/v7e-m+fp/hard\libc_nano.a(libc_a-sbrkr.o)
 .ARM.attributes
                0x000008ff       0x34 C:/ST/STM32CubeIDE_1.16.0/STM32CubeIDE/plugins/com.st.stm32cube.ide.mcu.externaltools.gnu-tools-for-stm32.12.3.rel1.win32_1.0.200.202406191623/tools/bin/../lib/gcc/arm-none-eabi/12.3.1/../../../../arm-none-eabi/lib/thumb/v7e-m+fp/hard\libc_nano.a(libc_a-errno.o)
 .ARM.attributes
                0x00000933       0x34 C:/ST/STM32CubeIDE_1.16.0/STM32CubeIDE/plugins/com.st.stm32cube.ide.mcu.externaltools.gnu-tools-for-stm32.12.3.rel1.win32_1.0.200.202406191623/tools/bin/../lib/gcc/arm-none-eabi/12.3.1/../../../../arm-none-eabi/lib/thumb/v7e-m+fp/hard\libc_nano.a(libc_a-init.o)
 .ARM.attributes